-- The C compiler identification is GNU 13.3.0
-- The CXX compiler identification is GNU 13.3.0
-- Detecting C compiler ABI info
-- Detecting C compiler ABI info - done
-- Check for working C compiler: /usr/bin/cc - skipped
-- Detecting C compile features
-- Detecting C compile features - done
-- Detecting CXX compiler ABI info
-- Detecting CXX compiler ABI info - done
-- Check for working CXX compiler: /usr/bin/c++ - skipped
-- Detecting CXX compile features
-- Detecting CXX compile features - done
-- Found ament_cmake: 2.5.6 (/opt/ros/jazzy/share/ament_cmake/cmake)
-- Found Python3: /usr/bin/python3 (found version "3.12.3") found components: Interpreter 
-- Override CMake install command with custom implementation using symlinks instead of copying resources
-- Found ament_lint_auto: 0.17.5 (/opt/ros/jazzy/share/ament_lint_auto/cmake)
-- Added test 'flake8' to check Python code syntax and style conventions
-- Configured 'flake8' exclude dirs and/or files: 
-- Added test 'lint_cmake' to check CMake code style
-- Added test 'pep257' to check Python code against some of the docstring style conventions in PEP 257
-- Added test 'xmllint' to check XML markup files
-- Configuring done (3.9s)
-- Generating done (0.0s)
-- Build files have been written to: /home/kitana/Documents/auracle_ws/build/auracle_bringup
-- Install configuration: ""
-- Execute custom install script
-- Symlinking: /home/kitana/Documents/auracle_ws/install/auracle_bringup/share/auracle_bringup/launch/joystick.launch.py
-- Symlinking: /home/kitana/Documents/auracle_ws/install/auracle_bringup/share/auracle_bringup/launch/launch_robot.launch.py
-- Symlinking: /home/kitana/Documents/auracle_ws/install/auracle_bringup/share/auracle_bringup/launch/launch_sim.launch.py
-- Symlinking: /home/kitana/Documents/auracle_ws/install/auracle_bringup/share/auracle_bringup/launch/localization_launch.py
-- Symlinking: /home/kitana/Documents/auracle_ws/install/auracle_bringup/share/auracle_bringup/launch/navigation_launch.py
-- Symlinking: /home/kitana/Documents/auracle_ws/install/auracle_bringup/share/auracle_bringup/launch/online_async_launch.py
-- Symlinking: /home/kitana/Documents/auracle_ws/install/auracle_bringup/share/auracle_bringup/launch/rplidar.launch.py
-- Symlinking: /home/kitana/Documents/auracle_ws/install/auracle_bringup/share/auracle_bringup/launch/rsp.launch.py
-- Symlinking: /home/kitana/Documents/auracle_ws/install/auracle_bringup/share/auracle_bringup/launch/slam_nav_rviz.launch.py
-- Symlinking: /home/kitana/Documents/auracle_ws/install/auracle_bringup/share/auracle_bringup/config/ekf.yaml
-- Symlinking: /home/kitana/Documents/auracle_ws/install/auracle_bringup/share/auracle_bringup/config/gaz_ros2_ctl_use_sim.yaml
-- Symlinking: /home/kitana/Documents/auracle_ws/install/auracle_bringup/share/auracle_bringup/config/joystick.yaml
-- Symlinking: /home/kitana/Documents/auracle_ws/install/auracle_bringup/share/auracle_bringup/config/mapper_params_online_async.yaml
-- Symlinking: /home/kitana/Documents/auracle_ws/install/auracle_bringup/share/auracle_bringup/config/my_controllers.yaml
-- Symlinking: /home/kitana/Documents/auracle_ws/install/auracle_bringup/share/auracle_bringup/config/nav2_params.yaml
-- Symlinking: /home/kitana/Documents/auracle_ws/install/auracle_bringup/share/auracle_bringup/config/twist_mux.yaml
-- Symlinking: /home/kitana/Documents/auracle_ws/install/auracle_bringup/share/auracle_bringup/rviz/auracle.rviz
-- Symlinking: /home/kitana/Documents/auracle_ws/install/auracle_bringup/share/ament_index/resource_index/package_run_dependencies/auracle_bringup
-- Symlinking: /home/kitana/Documents/auracle_ws/install/auracle_bringup/share/ament_index/resource_index/parent_prefix_path/auracle_bringup
-- Symlinking: /home/kitana/Documents/auracle_ws/install/auracle_bringup/share/auracle_bringup/environment/ament_prefix_path.sh
-- Symlinking: /home/kitana/Documents/auracle_ws/install/auracle_bringup/share/auracle_bringup/environment/ament_prefix_path.dsv
-- Symlinking: /home/kitana/Documents/auracle_ws/install/auracle_bringup/share/auracle_bringup/environment/path.sh
-- Symlinking: /home/kitana/Documents/auracle_ws/install/auracle_bringup/share/auracle_bringup/environment/path.dsv
-- Symlinking: /home/kitana/Documents/auracle_ws/install/auracle_bringup/share/auracle_bringup/local_setup.bash
-- Symlinking: /home/kitana/Documents/auracle_ws/install/auracle_bringup/share/auracle_bringup/local_setup.sh
-- Symlinking: /home/kitana/Documents/auracle_ws/install/auracle_bringup/share/auracle_bringup/local_setup.zsh
-- Symlinking: /home/kitana/Documents/auracle_ws/install/auracle_bringup/share/auracle_bringup/local_setup.dsv
-- Symlinking: /home/kitana/Documents/auracle_ws/install/auracle_bringup/share/auracle_bringup/package.dsv
-- Symlinking: /home/kitana/Documents/auracle_ws/install/auracle_bringup/share/ament_index/resource_index/packages/auracle_bringup
-- Symlinking: /home/kitana/Documents/auracle_ws/install/auracle_bringup/share/auracle_bringup/cmake/auracle_bringupConfig.cmake
-- Symlinking: /home/kitana/Documents/auracle_ws/install/auracle_bringup/share/auracle_bringup/cmake/auracle_bringupConfig-version.cmake
-- Symlinking: /home/kitana/Documents/auracle_ws/install/auracle_bringup/share/auracle_bringup/package.xml
