[0.104s] DEBUG:colcon:Command line arguments: ['/usr/bin/colcon', 'build', '--symlink-install']
[0.104s] DEBUG:colcon:Parsed command line arguments: Namespace(log_base=None, log_level=None, verb_name='build', build_base='build', install_base='install', merge_install=False, symlink_install=True, test_result_base=None, continue_on_error=False, executor='parallel', parallel_workers=8, event_handlers=None, ignore_user_meta=False, metas=['./colcon.meta'], base_paths=['.'], packages_ignore=None, packages_ignore_regex=None, paths=None, packages_up_to=None, packages_up_to_regex=None, packages_above=None, packages_above_and_dependencies=None, packages_above_depth=None, packages_select_by_dep=None, packages_skip_by_dep=None, packages_skip_up_to=None, packages_select_build_failed=False, packages_skip_build_finished=False, packages_select_test_failures=False, packages_skip_test_passed=False, packages_select=None, packages_skip=None, packages_select_regex=None, packages_skip_regex=None, packages_start=None, packages_end=None, allow_overriding=[], cmake_args=None, cmake_target=None, cmake_target_skip_unavailable=False, cmake_clean_cache=False, cmake_clean_first=False, cmake_force_configure=False, ament_cmake_args=None, catkin_cmake_args=None, catkin_skip_building_tests=False, mixin_files=None, mixin=None, verb_parser=<colcon_mixin.mixin.mixin_argument.MixinArgumentDecorator object at 0x769e45744bc0>, verb_extension=<colcon_core.verb.build.BuildVerb object at 0x769e45744950>, main=<bound method BuildVerb.main of <colcon_core.verb.build.BuildVerb object at 0x769e45744950>>, mixin_verb=('build',))
[0.144s] Level 1:colcon.colcon_core.package_discovery:discover_packages(colcon_meta) check parameters
[0.144s] Level 1:colcon.colcon_core.package_discovery:discover_packages(recursive) check parameters
[0.144s] Level 1:colcon.colcon_core.package_discovery:discover_packages(ignore) check parameters
[0.144s] Level 1:colcon.colcon_core.package_discovery:discover_packages(path) check parameters
[0.144s] Level 1:colcon.colcon_core.package_discovery:discover_packages(colcon_meta) discover
[0.144s] Level 1:colcon.colcon_core.package_discovery:discover_packages(recursive) discover
[0.144s] INFO:colcon.colcon_core.package_discovery:Crawling recursively for packages in '/home/kitana/Documents/auracle_ws'
[0.144s] Level 1:colcon.colcon_core.package_identification:_identify(.) by extensions ['ignore', 'ignore_ament_install']
[0.145s] Level 1:colcon.colcon_core.package_identification:_identify(.) by extension 'ignore'
[0.145s] Level 1:colcon.colcon_core.package_identification:_identify(.) by extension 'ignore_ament_install'
[0.145s] Level 1:colcon.colcon_core.package_identification:_identify(.) by extensions ['colcon_pkg']
[0.145s] Level 1:colcon.colcon_core.package_identification:_identify(.) by extension 'colcon_pkg'
[0.145s] Level 1:colcon.colcon_core.package_identification:_identify(.) by extensions ['colcon_meta']
[0.145s] Level 1:colcon.colcon_core.package_identification:_identify(.) by extension 'colcon_meta'
[0.145s] Level 1:colcon.colcon_core.package_identification:_identify(.) by extensions ['ros']
[0.145s] Level 1:colcon.colcon_core.package_identification:_identify(.) by extension 'ros'
[0.170s] Level 1:colcon.colcon_core.package_identification:_identify(.) by extensions ['cmake', 'python']
[0.170s] Level 1:colcon.colcon_core.package_identification:_identify(.) by extension 'cmake'
[0.170s] Level 1:colcon.colcon_core.package_identification:_identify(.) by extension 'python'
[0.170s] Level 1:colcon.colcon_core.package_identification:_identify(.) by extensions ['python_setup_py']
[0.170s] Level 1:colcon.colcon_core.package_identification:_identify(.) by extension 'python_setup_py'
[0.170s] Level 1:colcon.colcon_core.package_identification:_identify(build) by extensions ['ignore', 'ignore_ament_install']
[0.170s] Level 1:colcon.colcon_core.package_identification:_identify(build) by extension 'ignore'
[0.170s] Level 1:colcon.colcon_core.package_identification:_identify(build) ignored
[0.171s] Level 1:colcon.colcon_core.package_identification:_identify(firmware) by extensions ['ignore', 'ignore_ament_install']
[0.171s] Level 1:colcon.colcon_core.package_identification:_identify(firmware) by extension 'ignore'
[0.171s] Level 1:colcon.colcon_core.package_identification:_identify(firmware) by extension 'ignore_ament_install'
[0.171s] Level 1:colcon.colcon_core.package_identification:_identify(firmware) by extensions ['colcon_pkg']
[0.171s] Level 1:colcon.colcon_core.package_identification:_identify(firmware) by extension 'colcon_pkg'
[0.171s] Level 1:colcon.colcon_core.package_identification:_identify(firmware) by extensions ['colcon_meta']
[0.171s] Level 1:colcon.colcon_core.package_identification:_identify(firmware) by extension 'colcon_meta'
[0.171s] Level 1:colcon.colcon_core.package_identification:_identify(firmware) by extensions ['ros']
[0.171s] Level 1:colcon.colcon_core.package_identification:_identify(firmware) by extension 'ros'
[0.171s] Level 1:colcon.colcon_core.package_identification:_identify(firmware) by extensions ['cmake', 'python']
[0.171s] Level 1:colcon.colcon_core.package_identification:_identify(firmware) by extension 'cmake'
[0.171s] Level 1:colcon.colcon_core.package_identification:_identify(firmware) by extension 'python'
[0.171s] Level 1:colcon.colcon_core.package_identification:_identify(firmware) by extensions ['python_setup_py']
[0.171s] Level 1:colcon.colcon_core.package_identification:_identify(firmware) by extension 'python_setup_py'
[0.171s] Level 1:colcon.colcon_core.package_identification:_identify(firmware/auracle_firmware) by extensions ['ignore', 'ignore_ament_install']
[0.171s] Level 1:colcon.colcon_core.package_identification:_identify(firmware/auracle_firmware) by extension 'ignore'
[0.171s] Level 1:colcon.colcon_core.package_identification:_identify(firmware/auracle_firmware) by extension 'ignore_ament_install'
[0.171s] Level 1:colcon.colcon_core.package_identification:_identify(firmware/auracle_firmware) by extensions ['colcon_pkg']
[0.171s] Level 1:colcon.colcon_core.package_identification:_identify(firmware/auracle_firmware) by extension 'colcon_pkg'
[0.172s] Level 1:colcon.colcon_core.package_identification:_identify(firmware/auracle_firmware) by extensions ['colcon_meta']
[0.172s] Level 1:colcon.colcon_core.package_identification:_identify(firmware/auracle_firmware) by extension 'colcon_meta'
[0.172s] Level 1:colcon.colcon_core.package_identification:_identify(firmware/auracle_firmware) by extensions ['ros']
[0.172s] Level 1:colcon.colcon_core.package_identification:_identify(firmware/auracle_firmware) by extension 'ros'
[0.172s] Level 1:colcon.colcon_core.package_identification:_identify(firmware/auracle_firmware) by extensions ['cmake', 'python']
[0.172s] Level 1:colcon.colcon_core.package_identification:_identify(firmware/auracle_firmware) by extension 'cmake'
[0.172s] Level 1:colcon.colcon_core.package_identification:_identify(firmware/auracle_firmware) by extension 'python'
[0.172s] Level 1:colcon.colcon_core.package_identification:_identify(firmware/auracle_firmware) by extensions ['python_setup_py']
[0.172s] Level 1:colcon.colcon_core.package_identification:_identify(firmware/auracle_firmware) by extension 'python_setup_py'
[0.172s] Level 1:colcon.colcon_core.package_identification:_identify(firmware/auracle_firmware/auracle_firmware) by extensions ['ignore', 'ignore_ament_install']
[0.172s] Level 1:colcon.colcon_core.package_identification:_identify(firmware/auracle_firmware/auracle_firmware) by extension 'ignore'
[0.172s] Level 1:colcon.colcon_core.package_identification:_identify(firmware/auracle_firmware/auracle_firmware) by extension 'ignore_ament_install'
[0.172s] Level 1:colcon.colcon_core.package_identification:_identify(firmware/auracle_firmware/auracle_firmware) by extensions ['colcon_pkg']
[0.172s] Level 1:colcon.colcon_core.package_identification:_identify(firmware/auracle_firmware/auracle_firmware) by extension 'colcon_pkg'
[0.172s] Level 1:colcon.colcon_core.package_identification:_identify(firmware/auracle_firmware/auracle_firmware) by extensions ['colcon_meta']
[0.172s] Level 1:colcon.colcon_core.package_identification:_identify(firmware/auracle_firmware/auracle_firmware) by extension 'colcon_meta'
[0.172s] Level 1:colcon.colcon_core.package_identification:_identify(firmware/auracle_firmware/auracle_firmware) by extensions ['ros']
[0.172s] Level 1:colcon.colcon_core.package_identification:_identify(firmware/auracle_firmware/auracle_firmware) by extension 'ros'
[0.172s] Level 1:colcon.colcon_core.package_identification:_identify(firmware/auracle_firmware/auracle_firmware) by extensions ['cmake', 'python']
[0.172s] Level 1:colcon.colcon_core.package_identification:_identify(firmware/auracle_firmware/auracle_firmware) by extension 'cmake'
[0.172s] Level 1:colcon.colcon_core.package_identification:_identify(firmware/auracle_firmware/auracle_firmware) by extension 'python'
[0.172s] Level 1:colcon.colcon_core.package_identification:_identify(firmware/auracle_firmware/auracle_firmware) by extensions ['python_setup_py']
[0.173s] Level 1:colcon.colcon_core.package_identification:_identify(firmware/auracle_firmware/auracle_firmware) by extension 'python_setup_py'
[0.173s] Level 1:colcon.colcon_core.package_identification:_identify(install) by extensions ['ignore', 'ignore_ament_install']
[0.173s] Level 1:colcon.colcon_core.package_identification:_identify(install) by extension 'ignore'
[0.173s] Level 1:colcon.colcon_core.package_identification:_identify(install) ignored
[0.173s] Level 1:colcon.colcon_core.package_identification:_identify(log) by extensions ['ignore', 'ignore_ament_install']
[0.173s] Level 1:colcon.colcon_core.package_identification:_identify(log) by extension 'ignore'
[0.173s] Level 1:colcon.colcon_core.package_identification:_identify(log) ignored
[0.173s] Level 1:colcon.colcon_core.package_identification:_identify(src) by extensions ['ignore', 'ignore_ament_install']
[0.173s] Level 1:colcon.colcon_core.package_identification:_identify(src) by extension 'ignore'
[0.173s] Level 1:colcon.colcon_core.package_identification:_identify(src) by extension 'ignore_ament_install'
[0.173s] Level 1:colcon.colcon_core.package_identification:_identify(src) by extensions ['colcon_pkg']
[0.173s] Level 1:colcon.colcon_core.package_identification:_identify(src) by extension 'colcon_pkg'
[0.173s] Level 1:colcon.colcon_core.package_identification:_identify(src) by extensions ['colcon_meta']
[0.173s] Level 1:colcon.colcon_core.package_identification:_identify(src) by extension 'colcon_meta'
[0.173s] Level 1:colcon.colcon_core.package_identification:_identify(src) by extensions ['ros']
[0.173s] Level 1:colcon.colcon_core.package_identification:_identify(src) by extension 'ros'
[0.173s] Level 1:colcon.colcon_core.package_identification:_identify(src) by extensions ['cmake', 'python']
[0.173s] Level 1:colcon.colcon_core.package_identification:_identify(src) by extension 'cmake'
[0.173s] Level 1:colcon.colcon_core.package_identification:_identify(src) by extension 'python'
[0.173s] Level 1:colcon.colcon_core.package_identification:_identify(src) by extensions ['python_setup_py']
[0.174s] Level 1:colcon.colcon_core.package_identification:_identify(src) by extension 'python_setup_py'
[0.174s] Level 1:colcon.colcon_core.package_identification:_identify(src/auracle_bringup) by extensions ['ignore', 'ignore_ament_install']
[0.174s] Level 1:colcon.colcon_core.package_identification:_identify(src/auracle_bringup) by extension 'ignore'
[0.174s] Level 1:colcon.colcon_core.package_identification:_identify(src/auracle_bringup) by extension 'ignore_ament_install'
[0.174s] Level 1:colcon.colcon_core.package_identification:_identify(src/auracle_bringup) by extensions ['colcon_pkg']
[0.174s] Level 1:colcon.colcon_core.package_identification:_identify(src/auracle_bringup) by extension 'colcon_pkg'
[0.174s] Level 1:colcon.colcon_core.package_identification:_identify(src/auracle_bringup) by extensions ['colcon_meta']
[0.174s] Level 1:colcon.colcon_core.package_identification:_identify(src/auracle_bringup) by extension 'colcon_meta'
[0.174s] Level 1:colcon.colcon_core.package_identification:_identify(src/auracle_bringup) by extensions ['ros']
[0.174s] Level 1:colcon.colcon_core.package_identification:_identify(src/auracle_bringup) by extension 'ros'
[0.176s] DEBUG:colcon.colcon_core.package_identification:Package 'src/auracle_bringup' with type 'ros.ament_cmake' and name 'auracle_bringup'
[0.176s] Level 1:colcon.colcon_core.package_identification:_identify(src/auracle_description) by extensions ['ignore', 'ignore_ament_install']
[0.176s] Level 1:colcon.colcon_core.package_identification:_identify(src/auracle_description) by extension 'ignore'
[0.177s] Level 1:colcon.colcon_core.package_identification:_identify(src/auracle_description) by extension 'ignore_ament_install'
[0.177s] Level 1:colcon.colcon_core.package_identification:_identify(src/auracle_description) by extensions ['colcon_pkg']
[0.177s] Level 1:colcon.colcon_core.package_identification:_identify(src/auracle_description) by extension 'colcon_pkg'
[0.177s] Level 1:colcon.colcon_core.package_identification:_identify(src/auracle_description) by extensions ['colcon_meta']
[0.177s] Level 1:colcon.colcon_core.package_identification:_identify(src/auracle_description) by extension 'colcon_meta'
[0.177s] Level 1:colcon.colcon_core.package_identification:_identify(src/auracle_description) by extensions ['ros']
[0.177s] Level 1:colcon.colcon_core.package_identification:_identify(src/auracle_description) by extension 'ros'
[0.177s] DEBUG:colcon.colcon_core.package_identification:Package 'src/auracle_description' with type 'ros.ament_cmake' and name 'auracle_description'
[0.177s] Level 1:colcon.colcon_core.package_identification:_identify(src/auracle_hardware) by extensions ['ignore', 'ignore_ament_install']
[0.177s] Level 1:colcon.colcon_core.package_identification:_identify(src/auracle_hardware) by extension 'ignore'
[0.177s] Level 1:colcon.colcon_core.package_identification:_identify(src/auracle_hardware) by extension 'ignore_ament_install'
[0.178s] Level 1:colcon.colcon_core.package_identification:_identify(src/auracle_hardware) by extensions ['colcon_pkg']
[0.178s] Level 1:colcon.colcon_core.package_identification:_identify(src/auracle_hardware) by extension 'colcon_pkg'
[0.178s] Level 1:colcon.colcon_core.package_identification:_identify(src/auracle_hardware) by extensions ['colcon_meta']
[0.178s] Level 1:colcon.colcon_core.package_identification:_identify(src/auracle_hardware) by extension 'colcon_meta'
[0.178s] Level 1:colcon.colcon_core.package_identification:_identify(src/auracle_hardware) by extensions ['ros']
[0.178s] Level 1:colcon.colcon_core.package_identification:_identify(src/auracle_hardware) by extension 'ros'
[0.178s] DEBUG:colcon.colcon_core.package_identification:Package 'src/auracle_hardware' with type 'ros.ament_cmake' and name 'auracle_hardware'
[0.178s] Level 1:colcon.colcon_core.package_identification:_identify(src/auracle_vision) by extensions ['ignore', 'ignore_ament_install']
[0.179s] Level 1:colcon.colcon_core.package_identification:_identify(src/auracle_vision) by extension 'ignore'
[0.179s] Level 1:colcon.colcon_core.package_identification:_identify(src/auracle_vision) by extension 'ignore_ament_install'
[0.179s] Level 1:colcon.colcon_core.package_identification:_identify(src/auracle_vision) by extensions ['colcon_pkg']
[0.179s] Level 1:colcon.colcon_core.package_identification:_identify(src/auracle_vision) by extension 'colcon_pkg'
[0.179s] Level 1:colcon.colcon_core.package_identification:_identify(src/auracle_vision) by extensions ['colcon_meta']
[0.179s] Level 1:colcon.colcon_core.package_identification:_identify(src/auracle_vision) by extension 'colcon_meta'
[0.179s] Level 1:colcon.colcon_core.package_identification:_identify(src/auracle_vision) by extensions ['ros']
[0.179s] Level 1:colcon.colcon_core.package_identification:_identify(src/auracle_vision) by extension 'ros'
[0.179s] DEBUG:colcon.colcon_core.package_identification:Package 'src/auracle_vision' with type 'ros.ament_python' and name 'auracle_vision'
[0.179s] Level 1:colcon.colcon_core.package_discovery:discover_packages(recursive) using defaults
[0.179s] Level 1:colcon.colcon_core.package_discovery:discover_packages(ignore) discover
[0.179s] Level 1:colcon.colcon_core.package_discovery:discover_packages(ignore) using defaults
[0.180s] Level 1:colcon.colcon_core.package_discovery:discover_packages(path) discover
[0.180s] Level 1:colcon.colcon_core.package_discovery:discover_packages(path) using defaults
[0.198s] Level 1:colcon.colcon_core.package_discovery:discover_packages(prefix_path) check parameters
[0.198s] Level 1:colcon.colcon_core.package_discovery:discover_packages(prefix_path) discover
[0.202s] DEBUG:colcon.colcon_installed_package_information.package_discovery:Found 429 installed packages in /opt/ros/jazzy
[0.203s] Level 1:colcon.colcon_core.package_discovery:discover_packages(prefix_path) using defaults
[0.259s] Level 5:colcon.colcon_core.verb:set package 'auracle_description' build argument 'cmake_args' from command line to 'None'
[0.259s] Level 5:colcon.colcon_core.verb:set package 'auracle_description' build argument 'cmake_target' from command line to 'None'
[0.259s] Level 5:colcon.colcon_core.verb:set package 'auracle_description' build argument 'cmake_target_skip_unavailable' from command line to 'False'
[0.259s] Level 5:colcon.colcon_core.verb:set package 'auracle_description' build argument 'cmake_clean_cache' from command line to 'False'
[0.259s] Level 5:colcon.colcon_core.verb:set package 'auracle_description' build argument 'cmake_clean_first' from command line to 'False'
[0.259s] Level 5:colcon.colcon_core.verb:set package 'auracle_description' build argument 'cmake_force_configure' from command line to 'False'
[0.259s] Level 5:colcon.colcon_core.verb:set package 'auracle_description' build argument 'ament_cmake_args' from command line to 'None'
[0.259s] Level 5:colcon.colcon_core.verb:set package 'auracle_description' build argument 'catkin_cmake_args' from command line to 'None'
[0.259s] Level 5:colcon.colcon_core.verb:set package 'auracle_description' build argument 'catkin_skip_building_tests' from command line to 'False'
[0.259s] DEBUG:colcon.colcon_core.verb:Building package 'auracle_description' with the following arguments: {'ament_cmake_args': None, 'build_base': '/home/kitana/Documents/auracle_ws/build/auracle_description', 'catkin_cmake_args': None, 'catkin_skip_building_tests': False, 'cmake_args': None, 'cmake_clean_cache': False, 'cmake_clean_first': False, 'cmake_force_configure': False, 'cmake_target': None, 'cmake_target_skip_unavailable': False, 'install_base': '/home/kitana/Documents/auracle_ws/install/auracle_description', 'merge_install': False, 'path': '/home/kitana/Documents/auracle_ws/src/auracle_description', 'symlink_install': True, 'test_result_base': None}
[0.260s] Level 5:colcon.colcon_core.verb:set package 'auracle_hardware' build argument 'cmake_args' from command line to 'None'
[0.260s] Level 5:colcon.colcon_core.verb:set package 'auracle_hardware' build argument 'cmake_target' from command line to 'None'
[0.260s] Level 5:colcon.colcon_core.verb:set package 'auracle_hardware' build argument 'cmake_target_skip_unavailable' from command line to 'False'
[0.260s] Level 5:colcon.colcon_core.verb:set package 'auracle_hardware' build argument 'cmake_clean_cache' from command line to 'False'
[0.260s] Level 5:colcon.colcon_core.verb:set package 'auracle_hardware' build argument 'cmake_clean_first' from command line to 'False'
[0.260s] Level 5:colcon.colcon_core.verb:set package 'auracle_hardware' build argument 'cmake_force_configure' from command line to 'False'
[0.260s] Level 5:colcon.colcon_core.verb:set package 'auracle_hardware' build argument 'ament_cmake_args' from command line to 'None'
[0.260s] Level 5:colcon.colcon_core.verb:set package 'auracle_hardware' build argument 'catkin_cmake_args' from command line to 'None'
[0.260s] Level 5:colcon.colcon_core.verb:set package 'auracle_hardware' build argument 'catkin_skip_building_tests' from command line to 'False'
[0.260s] DEBUG:colcon.colcon_core.verb:Building package 'auracle_hardware' with the following arguments: {'ament_cmake_args': None, 'build_base': '/home/kitana/Documents/auracle_ws/build/auracle_hardware', 'catkin_cmake_args': None, 'catkin_skip_building_tests': False, 'cmake_args': None, 'cmake_clean_cache': False, 'cmake_clean_first': False, 'cmake_force_configure': False, 'cmake_target': None, 'cmake_target_skip_unavailable': False, 'install_base': '/home/kitana/Documents/auracle_ws/install/auracle_hardware', 'merge_install': False, 'path': '/home/kitana/Documents/auracle_ws/src/auracle_hardware', 'symlink_install': True, 'test_result_base': None}
[0.260s] Level 5:colcon.colcon_core.verb:set package 'auracle_vision' build argument 'cmake_args' from command line to 'None'
[0.260s] Level 5:colcon.colcon_core.verb:set package 'auracle_vision' build argument 'cmake_target' from command line to 'None'
[0.260s] Level 5:colcon.colcon_core.verb:set package 'auracle_vision' build argument 'cmake_target_skip_unavailable' from command line to 'False'
[0.260s] Level 5:colcon.colcon_core.verb:set package 'auracle_vision' build argument 'cmake_clean_cache' from command line to 'False'
[0.260s] Level 5:colcon.colcon_core.verb:set package 'auracle_vision' build argument 'cmake_clean_first' from command line to 'False'
[0.260s] Level 5:colcon.colcon_core.verb:set package 'auracle_vision' build argument 'cmake_force_configure' from command line to 'False'
[0.260s] Level 5:colcon.colcon_core.verb:set package 'auracle_vision' build argument 'ament_cmake_args' from command line to 'None'
[0.260s] Level 5:colcon.colcon_core.verb:set package 'auracle_vision' build argument 'catkin_cmake_args' from command line to 'None'
[0.260s] Level 5:colcon.colcon_core.verb:set package 'auracle_vision' build argument 'catkin_skip_building_tests' from command line to 'False'
[0.260s] DEBUG:colcon.colcon_core.verb:Building package 'auracle_vision' with the following arguments: {'ament_cmake_args': None, 'build_base': '/home/kitana/Documents/auracle_ws/build/auracle_vision', 'catkin_cmake_args': None, 'catkin_skip_building_tests': False, 'cmake_args': None, 'cmake_clean_cache': False, 'cmake_clean_first': False, 'cmake_force_configure': False, 'cmake_target': None, 'cmake_target_skip_unavailable': False, 'install_base': '/home/kitana/Documents/auracle_ws/install/auracle_vision', 'merge_install': False, 'path': '/home/kitana/Documents/auracle_ws/src/auracle_vision', 'symlink_install': True, 'test_result_base': None}
[0.261s] Level 5:colcon.colcon_core.verb:set package 'auracle_bringup' build argument 'cmake_args' from command line to 'None'
[0.261s] Level 5:colcon.colcon_core.verb:set package 'auracle_bringup' build argument 'cmake_target' from command line to 'None'
[0.261s] Level 5:colcon.colcon_core.verb:set package 'auracle_bringup' build argument 'cmake_target_skip_unavailable' from command line to 'False'
[0.261s] Level 5:colcon.colcon_core.verb:set package 'auracle_bringup' build argument 'cmake_clean_cache' from command line to 'False'
[0.261s] Level 5:colcon.colcon_core.verb:set package 'auracle_bringup' build argument 'cmake_clean_first' from command line to 'False'
[0.261s] Level 5:colcon.colcon_core.verb:set package 'auracle_bringup' build argument 'cmake_force_configure' from command line to 'False'
[0.261s] Level 5:colcon.colcon_core.verb:set package 'auracle_bringup' build argument 'ament_cmake_args' from command line to 'None'
[0.261s] Level 5:colcon.colcon_core.verb:set package 'auracle_bringup' build argument 'catkin_cmake_args' from command line to 'None'
[0.261s] Level 5:colcon.colcon_core.verb:set package 'auracle_bringup' build argument 'catkin_skip_building_tests' from command line to 'False'
[0.261s] DEBUG:colcon.colcon_core.verb:Building package 'auracle_bringup' with the following arguments: {'ament_cmake_args': None, 'build_base': '/home/kitana/Documents/auracle_ws/build/auracle_bringup', 'catkin_cmake_args': None, 'catkin_skip_building_tests': False, 'cmake_args': None, 'cmake_clean_cache': False, 'cmake_clean_first': False, 'cmake_force_configure': False, 'cmake_target': None, 'cmake_target_skip_unavailable': False, 'install_base': '/home/kitana/Documents/auracle_ws/install/auracle_bringup', 'merge_install': False, 'path': '/home/kitana/Documents/auracle_ws/src/auracle_bringup', 'symlink_install': True, 'test_result_base': None}
[0.261s] INFO:colcon.colcon_core.executor:Executing jobs using 'parallel' executor
[0.262s] DEBUG:colcon.colcon_parallel_executor.executor.parallel:run_until_complete
[0.262s] INFO:colcon.colcon_ros.task.ament_cmake.build:Building ROS package in '/home/kitana/Documents/auracle_ws/src/auracle_description' with build type 'ament_cmake'
[0.262s] INFO:colcon.colcon_cmake.task.cmake.build:Building CMake package in '/home/kitana/Documents/auracle_ws/src/auracle_description'
[0.265s] INFO:colcon.colcon_core.plugin_system:Skipping extension 'colcon_core.shell.bat': Not used on non-Windows systems
[0.265s] INFO:colcon.colcon_core.shell:Skip shell extension 'powershell' for command environment: Not usable outside of PowerShell
[0.265s] DEBUG:colcon.colcon_core.shell:Skip shell extension 'dsv' for command environment
[0.270s] INFO:colcon.colcon_ros.task.ament_cmake.build:Building ROS package in '/home/kitana/Documents/auracle_ws/src/auracle_hardware' with build type 'ament_cmake'
[0.270s] INFO:colcon.colcon_cmake.task.cmake.build:Building CMake package in '/home/kitana/Documents/auracle_ws/src/auracle_hardware'
[0.271s] INFO:colcon.colcon_core.shell:Skip shell extension 'powershell' for command environment: Not usable outside of PowerShell
[0.271s] DEBUG:colcon.colcon_core.shell:Skip shell extension 'dsv' for command environment
[0.275s] INFO:colcon.colcon_ros.task.ament_python.build:Building ROS package in '/home/kitana/Documents/auracle_ws/src/auracle_vision' with build type 'ament_python'
[0.275s] Level 1:colcon.colcon_core.shell:create_environment_hook('auracle_vision', 'ament_prefix_path')
[0.276s] INFO:colcon.colcon_core.shell:Creating environment hook '/home/kitana/Documents/auracle_ws/install/auracle_vision/share/auracle_vision/hook/ament_prefix_path.ps1'
[0.277s] INFO:colcon.colcon_core.shell:Creating environment descriptor '/home/kitana/Documents/auracle_ws/install/auracle_vision/share/auracle_vision/hook/ament_prefix_path.dsv'
[0.278s] INFO:colcon.colcon_core.shell:Creating environment hook '/home/kitana/Documents/auracle_ws/install/auracle_vision/share/auracle_vision/hook/ament_prefix_path.sh'
[0.278s] INFO:colcon.colcon_core.shell:Skip shell extension 'powershell' for command environment: Not usable outside of PowerShell
[0.278s] DEBUG:colcon.colcon_core.shell:Skip shell extension 'dsv' for command environment
[0.287s] DEBUG:colcon.colcon_core.event_handler.log_command:Invoking command in '/home/kitana/Documents/auracle_ws/build/auracle_description': CMAKE_PREFIX_PATH=${CMAKE_PREFIX_PATH}:/opt/ros/jazzy DEBUGINFOD_URLS=https://debuginfod.ubuntu.com /usr/bin/cmake /home/kitana/Documents/auracle_ws/src/auracle_description -DAMENT_CMAKE_SYMLINK_INSTALL=1 -DCMAKE_INSTALL_PREFIX=/home/kitana/Documents/auracle_ws/install/auracle_description
[0.293s] DEBUG:colcon.colcon_core.event_handler.log_command:Invoking command in '/home/kitana/Documents/auracle_ws/build/auracle_hardware': CMAKE_PREFIX_PATH=${CMAKE_PREFIX_PATH}:/opt/ros/jazzy DEBUGINFOD_URLS=https://debuginfod.ubuntu.com /usr/bin/cmake /home/kitana/Documents/auracle_ws/src/auracle_hardware -DAMENT_CMAKE_SYMLINK_INSTALL=1 -DCMAKE_INSTALL_PREFIX=/home/kitana/Documents/auracle_ws/install/auracle_hardware
[0.575s] INFO:colcon.colcon_core.task.python.build:Building Python package in '/home/kitana/Documents/auracle_ws/src/auracle_vision'
[0.576s] INFO:colcon.colcon_core.shell:Skip shell extension 'powershell' for command environment: Not usable outside of PowerShell
[0.576s] DEBUG:colcon.colcon_core.shell:Skip shell extension 'dsv' for command environment
[1.290s] DEBUG:colcon.colcon_core.task.python.build:Available setuptools commands: editable_wheel, clean, install_scripts, install_egg_info, build_scripts, bdist_rpm, compile_catalog, install_lib, upload, bdist_egg, sdist, easy_install, saveopts, init_catalog, egg_info, alias, setopt, bdist_dumb, build_py, build_ext, extract_messages, check, dist_info, install_headers, symlink_data, build, test, install, develop, upload_docs, update_catalog, build_clib, rotate, install_data, bdist, register
[1.659s] DEBUG:colcon.colcon_core.task.python.build:Available setuptools 'develop' options: --help, --always-copy, --always-unzip, --script-dir, --site-dirs, --install-dir, --local-snapshots-ok, --no-find-links, --quiet, --verbose, --allow-hosts, --install-layout, --uninstall, --dry-run, --force-installation-into-system-dir, --optimize, --zip-ok, --no-user-cfg, --index-url, --no-deps, --prefix, --upgrade, --record, --build-directory, --multi-version, --version, --user, --exclude-scripts, --editable, --find-links, --egg-path
[1.706s] DEBUG:colcon.colcon_core.event_handler.log_command:Invoking command in '/home/kitana/Documents/auracle_ws/build/auracle_vision': DEBUGINFOD_URLS=https://debuginfod.ubuntu.com PYTHONPATH=/home/kitana/Documents/auracle_ws/build/auracle_vision/prefix_override:/usr/lib/python3/dist-packages/colcon_core/task/python/colcon_distutils_commands:/home/kitana/Documents/auracle_ws/install/auracle_vision/lib/python3.12/site-packages:${PYTHONPATH} /usr/bin/python3 -W ignore:setup.py install is deprecated -W ignore:easy_install command is deprecated setup.py develop --editable --build-directory /home/kitana/Documents/auracle_ws/build/auracle_vision/build --no-deps symlink_data
[1.716s] DEBUG:colcon.colcon_core.event_handler.log_command:Invoked command in '/home/kitana/Documents/auracle_ws/build/auracle_description' returned '0': CMAKE_PREFIX_PATH=${CMAKE_PREFIX_PATH}:/opt/ros/jazzy DEBUGINFOD_URLS=https://debuginfod.ubuntu.com /usr/bin/cmake /home/kitana/Documents/auracle_ws/src/auracle_description -DAMENT_CMAKE_SYMLINK_INSTALL=1 -DCMAKE_INSTALL_PREFIX=/home/kitana/Documents/auracle_ws/install/auracle_description
[1.717s] DEBUG:colcon.colcon_core.event_handler.log_command:Invoking command in '/home/kitana/Documents/auracle_ws/build/auracle_description': CMAKE_PREFIX_PATH=${CMAKE_PREFIX_PATH}:/opt/ros/jazzy DEBUGINFOD_URLS=https://debuginfod.ubuntu.com /usr/bin/cmake --build /home/kitana/Documents/auracle_ws/build/auracle_description -- -j8 -l8
[1.774s] DEBUG:colcon.colcon_core.event_handler.log_command:Invoked command in '/home/kitana/Documents/auracle_ws/build/auracle_description' returned '0': CMAKE_PREFIX_PATH=${CMAKE_PREFIX_PATH}:/opt/ros/jazzy DEBUGINFOD_URLS=https://debuginfod.ubuntu.com /usr/bin/cmake --build /home/kitana/Documents/auracle_ws/build/auracle_description -- -j8 -l8
[1.794s] DEBUG:colcon.colcon_core.event_handler.log_command:Invoking command in '/home/kitana/Documents/auracle_ws/build/auracle_description': CMAKE_PREFIX_PATH=${CMAKE_PREFIX_PATH}:/opt/ros/jazzy DEBUGINFOD_URLS=https://debuginfod.ubuntu.com /usr/bin/cmake --install /home/kitana/Documents/auracle_ws/build/auracle_description
[2.143s] Level 1:colcon.colcon_core.environment:create_environment_scripts_only(auracle_description)
[2.144s] DEBUG:colcon.colcon_core.event_handler.log_command:Invoked command in '/home/kitana/Documents/auracle_ws/build/auracle_description' returned '0': CMAKE_PREFIX_PATH=${CMAKE_PREFIX_PATH}:/opt/ros/jazzy DEBUGINFOD_URLS=https://debuginfod.ubuntu.com /usr/bin/cmake --install /home/kitana/Documents/auracle_ws/build/auracle_description
[2.146s] Level 1:colcon.colcon_core.environment:checking '/home/kitana/Documents/auracle_ws/install/auracle_description' for CMake module files
[2.147s] Level 1:colcon.colcon_core.environment:checking '/home/kitana/Documents/auracle_ws/install/auracle_description' for CMake config files
[2.147s] Level 1:colcon.colcon_core.shell:create_environment_hook('auracle_description', 'cmake_prefix_path')
[2.147s] INFO:colcon.colcon_core.shell:Creating environment hook '/home/kitana/Documents/auracle_ws/install/auracle_description/share/auracle_description/hook/cmake_prefix_path.ps1'
[2.148s] INFO:colcon.colcon_core.shell:Creating environment descriptor '/home/kitana/Documents/auracle_ws/install/auracle_description/share/auracle_description/hook/cmake_prefix_path.dsv'
[2.148s] INFO:colcon.colcon_core.shell:Creating environment hook '/home/kitana/Documents/auracle_ws/install/auracle_description/share/auracle_description/hook/cmake_prefix_path.sh'
[2.149s] Level 1:colcon.colcon_core.environment:checking '/home/kitana/Documents/auracle_ws/install/auracle_description/bin'
[2.149s] Level 1:colcon.colcon_core.environment:checking '/home/kitana/Documents/auracle_ws/install/auracle_description/lib/pkgconfig/auracle_description.pc'
[2.150s] Level 1:colcon.colcon_core.environment:checking '/home/kitana/Documents/auracle_ws/install/auracle_description/lib/python3.12/site-packages'
[2.150s] Level 1:colcon.colcon_core.environment:checking '/home/kitana/Documents/auracle_ws/install/auracle_description/bin'
[2.150s] INFO:colcon.colcon_core.shell:Creating package script '/home/kitana/Documents/auracle_ws/install/auracle_description/share/auracle_description/package.ps1'
[2.152s] INFO:colcon.colcon_core.shell:Creating package descriptor '/home/kitana/Documents/auracle_ws/install/auracle_description/share/auracle_description/package.dsv'
[2.153s] INFO:colcon.colcon_core.shell:Creating package script '/home/kitana/Documents/auracle_ws/install/auracle_description/share/auracle_description/package.sh'
[2.153s] INFO:colcon.colcon_core.shell:Creating package script '/home/kitana/Documents/auracle_ws/install/auracle_description/share/auracle_description/package.bash'
[2.154s] INFO:colcon.colcon_core.shell:Creating package script '/home/kitana/Documents/auracle_ws/install/auracle_description/share/auracle_description/package.zsh'
[2.154s] Level 1:colcon.colcon_core.environment:create_file_with_runtime_dependencies(/home/kitana/Documents/auracle_ws/install/auracle_description/share/colcon-core/packages/auracle_description)
[2.155s] Level 1:colcon.colcon_core.environment:create_environment_scripts_only(auracle_description)
[2.155s] Level 1:colcon.colcon_core.environment:checking '/home/kitana/Documents/auracle_ws/install/auracle_description' for CMake module files
[2.156s] Level 1:colcon.colcon_core.environment:checking '/home/kitana/Documents/auracle_ws/install/auracle_description' for CMake config files
[2.156s] Level 1:colcon.colcon_core.shell:create_environment_hook('auracle_description', 'cmake_prefix_path')
[2.157s] INFO:colcon.colcon_core.shell:Creating environment hook '/home/kitana/Documents/auracle_ws/install/auracle_description/share/auracle_description/hook/cmake_prefix_path.ps1'
[2.548s] INFO:colcon.colcon_core.shell:Creating environment descriptor '/home/kitana/Documents/auracle_ws/install/auracle_description/share/auracle_description/hook/cmake_prefix_path.dsv'
[2.549s] INFO:colcon.colcon_core.shell:Creating environment hook '/home/kitana/Documents/auracle_ws/install/auracle_description/share/auracle_description/hook/cmake_prefix_path.sh'
[2.549s] Level 1:colcon.colcon_core.environment:checking '/home/kitana/Documents/auracle_ws/install/auracle_description/bin'
[2.550s] Level 1:colcon.colcon_core.environment:checking '/home/kitana/Documents/auracle_ws/install/auracle_description/lib/pkgconfig/auracle_description.pc'
[2.550s] Level 1:colcon.colcon_core.environment:checking '/home/kitana/Documents/auracle_ws/install/auracle_description/lib/python3.12/site-packages'
[2.551s] Level 1:colcon.colcon_core.environment:checking '/home/kitana/Documents/auracle_ws/install/auracle_description/bin'
[2.551s] INFO:colcon.colcon_core.shell:Creating package script '/home/kitana/Documents/auracle_ws/install/auracle_description/share/auracle_description/package.ps1'
[2.553s] INFO:colcon.colcon_core.shell:Creating package descriptor '/home/kitana/Documents/auracle_ws/install/auracle_description/share/auracle_description/package.dsv'
[2.554s] INFO:colcon.colcon_core.shell:Creating package script '/home/kitana/Documents/auracle_ws/install/auracle_description/share/auracle_description/package.sh'
[2.555s] INFO:colcon.colcon_core.shell:Creating package script '/home/kitana/Documents/auracle_ws/install/auracle_description/share/auracle_description/package.bash'
[2.555s] INFO:colcon.colcon_core.shell:Creating package script '/home/kitana/Documents/auracle_ws/install/auracle_description/share/auracle_description/package.zsh'
[2.556s] Level 1:colcon.colcon_core.environment:create_file_with_runtime_dependencies(/home/kitana/Documents/auracle_ws/install/auracle_description/share/colcon-core/packages/auracle_description)
[2.838s] Level 1:colcon.colcon_core.shell:create_environment_hook('auracle_vision', 'pythonpath_develop')
[2.839s] INFO:colcon.colcon_core.shell:Creating environment hook '/home/kitana/Documents/auracle_ws/build/auracle_vision/share/auracle_vision/hook/pythonpath_develop.ps1'
[2.839s] DEBUG:colcon.colcon_core.event_handler.log_command:Invoked command in '/home/kitana/Documents/auracle_ws/build/auracle_vision' returned '0': DEBUGINFOD_URLS=https://debuginfod.ubuntu.com PYTHONPATH=/home/kitana/Documents/auracle_ws/build/auracle_vision/prefix_override:/usr/lib/python3/dist-packages/colcon_core/task/python/colcon_distutils_commands:/home/kitana/Documents/auracle_ws/install/auracle_vision/lib/python3.12/site-packages:${PYTHONPATH} /usr/bin/python3 -W ignore:setup.py install is deprecated -W ignore:easy_install command is deprecated setup.py develop --editable --build-directory /home/kitana/Documents/auracle_ws/build/auracle_vision/build --no-deps symlink_data
[2.840s] INFO:colcon.colcon_core.shell:Creating environment descriptor '/home/kitana/Documents/auracle_ws/build/auracle_vision/share/auracle_vision/hook/pythonpath_develop.dsv'
[2.840s] INFO:colcon.colcon_core.shell:Creating environment hook '/home/kitana/Documents/auracle_ws/build/auracle_vision/share/auracle_vision/hook/pythonpath_develop.sh'
[2.841s] Level 1:colcon.colcon_core.environment:checking '/home/kitana/Documents/auracle_ws/install/auracle_vision' for CMake module files
[2.841s] Level 1:colcon.colcon_core.environment:checking '/home/kitana/Documents/auracle_ws/install/auracle_vision' for CMake config files
[2.842s] Level 1:colcon.colcon_core.environment:checking '/home/kitana/Documents/auracle_ws/install/auracle_vision/lib'
[2.842s] Level 1:colcon.colcon_core.environment:checking '/home/kitana/Documents/auracle_ws/install/auracle_vision/bin'
[2.842s] Level 1:colcon.colcon_core.environment:checking '/home/kitana/Documents/auracle_ws/install/auracle_vision/lib/pkgconfig/auracle_vision.pc'
[2.842s] Level 1:colcon.colcon_core.environment:checking '/home/kitana/Documents/auracle_ws/install/auracle_vision/lib/python3.12/site-packages'
[2.842s] Level 1:colcon.colcon_core.shell:create_environment_hook('auracle_vision', 'pythonpath')
[2.842s] INFO:colcon.colcon_core.shell:Creating environment hook '/home/kitana/Documents/auracle_ws/install/auracle_vision/share/auracle_vision/hook/pythonpath.ps1'
[2.843s] INFO:colcon.colcon_core.shell:Creating environment descriptor '/home/kitana/Documents/auracle_ws/install/auracle_vision/share/auracle_vision/hook/pythonpath.dsv'
[2.843s] INFO:colcon.colcon_core.shell:Creating environment hook '/home/kitana/Documents/auracle_ws/install/auracle_vision/share/auracle_vision/hook/pythonpath.sh'
[2.844s] Level 1:colcon.colcon_core.environment:checking '/home/kitana/Documents/auracle_ws/install/auracle_vision/bin'
[2.844s] Level 1:colcon.colcon_core.environment:create_environment_scripts_only(auracle_vision)
[2.844s] INFO:colcon.colcon_core.shell:Creating package script '/home/kitana/Documents/auracle_ws/install/auracle_vision/share/auracle_vision/package.ps1'
[2.845s] INFO:colcon.colcon_core.shell:Creating package descriptor '/home/kitana/Documents/auracle_ws/install/auracle_vision/share/auracle_vision/package.dsv'
[2.845s] INFO:colcon.colcon_core.shell:Creating package script '/home/kitana/Documents/auracle_ws/install/auracle_vision/share/auracle_vision/package.sh'
[2.845s] INFO:colcon.colcon_core.shell:Creating package script '/home/kitana/Documents/auracle_ws/install/auracle_vision/share/auracle_vision/package.bash'
[2.846s] INFO:colcon.colcon_core.shell:Creating package script '/home/kitana/Documents/auracle_ws/install/auracle_vision/share/auracle_vision/package.zsh'
[2.846s] Level 1:colcon.colcon_core.environment:create_file_with_runtime_dependencies(/home/kitana/Documents/auracle_ws/install/auracle_vision/share/colcon-core/packages/auracle_vision)
[3.756s] DEBUG:colcon.colcon_core.event_handler.log_command:Invoked command in '/home/kitana/Documents/auracle_ws/build/auracle_hardware' returned '0': CMAKE_PREFIX_PATH=${CMAKE_PREFIX_PATH}:/opt/ros/jazzy DEBUGINFOD_URLS=https://debuginfod.ubuntu.com /usr/bin/cmake /home/kitana/Documents/auracle_ws/src/auracle_hardware -DAMENT_CMAKE_SYMLINK_INSTALL=1 -DCMAKE_INSTALL_PREFIX=/home/kitana/Documents/auracle_ws/install/auracle_hardware
[3.759s] DEBUG:colcon.colcon_core.event_handler.log_command:Invoking command in '/home/kitana/Documents/auracle_ws/build/auracle_hardware': CMAKE_PREFIX_PATH=${CMAKE_PREFIX_PATH}:/opt/ros/jazzy DEBUGINFOD_URLS=https://debuginfod.ubuntu.com /usr/bin/cmake --build /home/kitana/Documents/auracle_ws/build/auracle_hardware -- -j8 -l8
[9.479s] DEBUG:colcon.colcon_core.event_handler.log_command:Invoked command in '/home/kitana/Documents/auracle_ws/build/auracle_hardware' returned '0': CMAKE_PREFIX_PATH=${CMAKE_PREFIX_PATH}:/opt/ros/jazzy DEBUGINFOD_URLS=https://debuginfod.ubuntu.com /usr/bin/cmake --build /home/kitana/Documents/auracle_ws/build/auracle_hardware -- -j8 -l8
[9.482s] DEBUG:colcon.colcon_core.event_handler.log_command:Invoking command in '/home/kitana/Documents/auracle_ws/build/auracle_hardware': CMAKE_PREFIX_PATH=${CMAKE_PREFIX_PATH}:/opt/ros/jazzy DEBUGINFOD_URLS=https://debuginfod.ubuntu.com /usr/bin/cmake --install /home/kitana/Documents/auracle_ws/build/auracle_hardware
[9.876s] Level 1:colcon.colcon_core.environment:create_environment_scripts_only(auracle_hardware)
[9.876s] DEBUG:colcon.colcon_core.event_handler.log_command:Invoked command in '/home/kitana/Documents/auracle_ws/build/auracle_hardware' returned '0': CMAKE_PREFIX_PATH=${CMAKE_PREFIX_PATH}:/opt/ros/jazzy DEBUGINFOD_URLS=https://debuginfod.ubuntu.com /usr/bin/cmake --install /home/kitana/Documents/auracle_ws/build/auracle_hardware
[9.876s] Level 1:colcon.colcon_core.environment:checking '/home/kitana/Documents/auracle_ws/install/auracle_hardware' for CMake module files
[9.878s] Level 1:colcon.colcon_core.environment:checking '/home/kitana/Documents/auracle_ws/install/auracle_hardware' for CMake config files
[9.878s] Level 1:colcon.colcon_core.shell:create_environment_hook('auracle_hardware', 'cmake_prefix_path')
[9.879s] INFO:colcon.colcon_core.shell:Creating environment hook '/home/kitana/Documents/auracle_ws/install/auracle_hardware/share/auracle_hardware/hook/cmake_prefix_path.ps1'
[9.880s] INFO:colcon.colcon_core.shell:Creating environment descriptor '/home/kitana/Documents/auracle_ws/install/auracle_hardware/share/auracle_hardware/hook/cmake_prefix_path.dsv'
[9.881s] INFO:colcon.colcon_core.shell:Creating environment hook '/home/kitana/Documents/auracle_ws/install/auracle_hardware/share/auracle_hardware/hook/cmake_prefix_path.sh'
[9.882s] Level 1:colcon.colcon_core.environment:checking '/home/kitana/Documents/auracle_ws/install/auracle_hardware/lib'
[9.883s] Level 1:colcon.colcon_core.shell:create_environment_hook('auracle_hardware', 'ld_library_path_lib')
[9.883s] INFO:colcon.colcon_core.shell:Creating environment hook '/home/kitana/Documents/auracle_ws/install/auracle_hardware/share/auracle_hardware/hook/ld_library_path_lib.ps1'
[9.884s] INFO:colcon.colcon_core.shell:Creating environment descriptor '/home/kitana/Documents/auracle_ws/install/auracle_hardware/share/auracle_hardware/hook/ld_library_path_lib.dsv'
[9.885s] INFO:colcon.colcon_core.shell:Creating environment hook '/home/kitana/Documents/auracle_ws/install/auracle_hardware/share/auracle_hardware/hook/ld_library_path_lib.sh'
[9.886s] Level 1:colcon.colcon_core.environment:checking '/home/kitana/Documents/auracle_ws/install/auracle_hardware/bin'
[9.886s] Level 1:colcon.colcon_core.environment:checking '/home/kitana/Documents/auracle_ws/install/auracle_hardware/lib/pkgconfig/auracle_hardware.pc'
[9.887s] Level 1:colcon.colcon_core.environment:checking '/home/kitana/Documents/auracle_ws/install/auracle_hardware/lib/python3.12/site-packages'
[9.887s] Level 1:colcon.colcon_core.environment:checking '/home/kitana/Documents/auracle_ws/install/auracle_hardware/bin'
[9.888s] INFO:colcon.colcon_core.shell:Creating package script '/home/kitana/Documents/auracle_ws/install/auracle_hardware/share/auracle_hardware/package.ps1'
[9.889s] INFO:colcon.colcon_core.shell:Creating package descriptor '/home/kitana/Documents/auracle_ws/install/auracle_hardware/share/auracle_hardware/package.dsv'
[9.891s] INFO:colcon.colcon_core.shell:Creating package script '/home/kitana/Documents/auracle_ws/install/auracle_hardware/share/auracle_hardware/package.sh'
[9.892s] INFO:colcon.colcon_core.shell:Creating package script '/home/kitana/Documents/auracle_ws/install/auracle_hardware/share/auracle_hardware/package.bash'
[9.893s] INFO:colcon.colcon_core.shell:Creating package script '/home/kitana/Documents/auracle_ws/install/auracle_hardware/share/auracle_hardware/package.zsh'
[9.894s] Level 1:colcon.colcon_core.environment:create_file_with_runtime_dependencies(/home/kitana/Documents/auracle_ws/install/auracle_hardware/share/colcon-core/packages/auracle_hardware)
[9.895s] Level 1:colcon.colcon_core.environment:create_environment_scripts_only(auracle_hardware)
[9.896s] Level 1:colcon.colcon_core.environment:checking '/home/kitana/Documents/auracle_ws/install/auracle_hardware' for CMake module files
[9.898s] Level 1:colcon.colcon_core.environment:checking '/home/kitana/Documents/auracle_ws/install/auracle_hardware' for CMake config files
[9.899s] Level 1:colcon.colcon_core.shell:create_environment_hook('auracle_hardware', 'cmake_prefix_path')
[9.899s] INFO:colcon.colcon_core.shell:Creating environment hook '/home/kitana/Documents/auracle_ws/install/auracle_hardware/share/auracle_hardware/hook/cmake_prefix_path.ps1'
[10.726s] INFO:colcon.colcon_core.shell:Creating environment descriptor '/home/kitana/Documents/auracle_ws/install/auracle_hardware/share/auracle_hardware/hook/cmake_prefix_path.dsv'
[10.727s] INFO:colcon.colcon_core.shell:Creating environment hook '/home/kitana/Documents/auracle_ws/install/auracle_hardware/share/auracle_hardware/hook/cmake_prefix_path.sh'
[10.728s] Level 1:colcon.colcon_core.environment:checking '/home/kitana/Documents/auracle_ws/install/auracle_hardware/lib'
[10.728s] Level 1:colcon.colcon_core.shell:create_environment_hook('auracle_hardware', 'ld_library_path_lib')
[10.729s] INFO:colcon.colcon_core.shell:Creating environment hook '/home/kitana/Documents/auracle_ws/install/auracle_hardware/share/auracle_hardware/hook/ld_library_path_lib.ps1'
[10.729s] INFO:colcon.colcon_core.shell:Creating environment descriptor '/home/kitana/Documents/auracle_ws/install/auracle_hardware/share/auracle_hardware/hook/ld_library_path_lib.dsv'
[10.730s] INFO:colcon.colcon_core.shell:Creating environment hook '/home/kitana/Documents/auracle_ws/install/auracle_hardware/share/auracle_hardware/hook/ld_library_path_lib.sh'
[10.731s] Level 1:colcon.colcon_core.environment:checking '/home/kitana/Documents/auracle_ws/install/auracle_hardware/bin'
[10.731s] Level 1:colcon.colcon_core.environment:checking '/home/kitana/Documents/auracle_ws/install/auracle_hardware/lib/pkgconfig/auracle_hardware.pc'
[10.732s] Level 1:colcon.colcon_core.environment:checking '/home/kitana/Documents/auracle_ws/install/auracle_hardware/lib/python3.12/site-packages'
[10.732s] Level 1:colcon.colcon_core.environment:checking '/home/kitana/Documents/auracle_ws/install/auracle_hardware/bin'
[10.733s] INFO:colcon.colcon_core.shell:Creating package script '/home/kitana/Documents/auracle_ws/install/auracle_hardware/share/auracle_hardware/package.ps1'
[10.734s] INFO:colcon.colcon_core.shell:Creating package descriptor '/home/kitana/Documents/auracle_ws/install/auracle_hardware/share/auracle_hardware/package.dsv'
[10.735s] INFO:colcon.colcon_core.shell:Creating package script '/home/kitana/Documents/auracle_ws/install/auracle_hardware/share/auracle_hardware/package.sh'
[10.736s] INFO:colcon.colcon_core.shell:Creating package script '/home/kitana/Documents/auracle_ws/install/auracle_hardware/share/auracle_hardware/package.bash'
[10.737s] INFO:colcon.colcon_core.shell:Creating package script '/home/kitana/Documents/auracle_ws/install/auracle_hardware/share/auracle_hardware/package.zsh'
[10.739s] Level 1:colcon.colcon_core.environment:create_file_with_runtime_dependencies(/home/kitana/Documents/auracle_ws/install/auracle_hardware/share/colcon-core/packages/auracle_hardware)
[10.740s] INFO:colcon.colcon_ros.task.ament_cmake.build:Building ROS package in '/home/kitana/Documents/auracle_ws/src/auracle_bringup' with build type 'ament_cmake'
[10.740s] INFO:colcon.colcon_cmake.task.cmake.build:Building CMake package in '/home/kitana/Documents/auracle_ws/src/auracle_bringup'
[10.741s] INFO:colcon.colcon_core.shell:Skip shell extension 'powershell' for command environment: Not usable outside of PowerShell
[10.741s] DEBUG:colcon.colcon_core.shell:Skip shell extension 'dsv' for command environment
[10.765s] DEBUG:colcon.colcon_core.event_handler.log_command:Invoking command in '/home/kitana/Documents/auracle_ws/build/auracle_bringup': AMENT_PREFIX_PATH=/home/kitana/Documents/auracle_ws/install/auracle_hardware:/home/kitana/Documents/auracle_ws/install/auracle_description:${AMENT_PREFIX_PATH} CMAKE_PREFIX_PATH=/home/kitana/Documents/auracle_ws/install/auracle_hardware:/home/kitana/Documents/auracle_ws/install/auracle_description:/opt/ros/jazzy/opt/gz_sim_vendor:/opt/ros/jazzy/opt/gz_sensors_vendor:/opt/ros/jazzy/opt/gz_physics_vendor:/opt/ros/jazzy/opt/sdformat_vendor:/opt/ros/jazzy/opt/gz_gui_vendor:/opt/ros/jazzy/opt/gz_transport_vendor:/opt/ros/jazzy/opt/gz_rendering_vendor:/opt/ros/jazzy/opt/gz_plugin_vendor:/opt/ros/jazzy/opt/gz_fuel_tools_vendor:/opt/ros/jazzy/opt/gz_msgs_vendor:/opt/ros/jazzy/opt/gz_common_vendor:/opt/ros/jazzy/opt/gz_math_vendor:/opt/ros/jazzy/opt/gz_utils_vendor:/opt/ros/jazzy/opt/gz_tools_vendor:/opt/ros/jazzy/opt/gz_ogre_next_vendor:/opt/ros/jazzy/opt/gz_dartsim_vendor:/opt/ros/jazzy/opt/gz_cmake_vendor:/opt/ros/jazzy DEBUGINFOD_URLS=https://debuginfod.ubuntu.com LD_LIBRARY_PATH=/home/kitana/Documents/auracle_ws/install/auracle_hardware/lib:${LD_LIBRARY_PATH} /usr/bin/cmake /home/kitana/Documents/auracle_ws/src/auracle_bringup -DAMENT_CMAKE_SYMLINK_INSTALL=1 -DCMAKE_INSTALL_PREFIX=/home/kitana/Documents/auracle_ws/install/auracle_bringup
[14.860s] DEBUG:colcon.colcon_core.event_handler.log_command:Invoked command in '/home/kitana/Documents/auracle_ws/build/auracle_bringup' returned '0': AMENT_PREFIX_PATH=/home/kitana/Documents/auracle_ws/install/auracle_hardware:/home/kitana/Documents/auracle_ws/install/auracle_description:${AMENT_PREFIX_PATH} CMAKE_PREFIX_PATH=/home/kitana/Documents/auracle_ws/install/auracle_hardware:/home/kitana/Documents/auracle_ws/install/auracle_description:/opt/ros/jazzy/opt/gz_sim_vendor:/opt/ros/jazzy/opt/gz_sensors_vendor:/opt/ros/jazzy/opt/gz_physics_vendor:/opt/ros/jazzy/opt/sdformat_vendor:/opt/ros/jazzy/opt/gz_gui_vendor:/opt/ros/jazzy/opt/gz_transport_vendor:/opt/ros/jazzy/opt/gz_rendering_vendor:/opt/ros/jazzy/opt/gz_plugin_vendor:/opt/ros/jazzy/opt/gz_fuel_tools_vendor:/opt/ros/jazzy/opt/gz_msgs_vendor:/opt/ros/jazzy/opt/gz_common_vendor:/opt/ros/jazzy/opt/gz_math_vendor:/opt/ros/jazzy/opt/gz_utils_vendor:/opt/ros/jazzy/opt/gz_tools_vendor:/opt/ros/jazzy/opt/gz_ogre_next_vendor:/opt/ros/jazzy/opt/gz_dartsim_vendor:/opt/ros/jazzy/opt/gz_cmake_vendor:/opt/ros/jazzy DEBUGINFOD_URLS=https://debuginfod.ubuntu.com LD_LIBRARY_PATH=/home/kitana/Documents/auracle_ws/install/auracle_hardware/lib:${LD_LIBRARY_PATH} /usr/bin/cmake /home/kitana/Documents/auracle_ws/src/auracle_bringup -DAMENT_CMAKE_SYMLINK_INSTALL=1 -DCMAKE_INSTALL_PREFIX=/home/kitana/Documents/auracle_ws/install/auracle_bringup
[14.860s] DEBUG:colcon.colcon_core.event_handler.log_command:Invoking command in '/home/kitana/Documents/auracle_ws/build/auracle_bringup': AMENT_PREFIX_PATH=/home/kitana/Documents/auracle_ws/install/auracle_hardware:/home/kitana/Documents/auracle_ws/install/auracle_description:${AMENT_PREFIX_PATH} CMAKE_PREFIX_PATH=/home/kitana/Documents/auracle_ws/install/auracle_hardware:/home/kitana/Documents/auracle_ws/install/auracle_description:/opt/ros/jazzy/opt/gz_sim_vendor:/opt/ros/jazzy/opt/gz_sensors_vendor:/opt/ros/jazzy/opt/gz_physics_vendor:/opt/ros/jazzy/opt/sdformat_vendor:/opt/ros/jazzy/opt/gz_gui_vendor:/opt/ros/jazzy/opt/gz_transport_vendor:/opt/ros/jazzy/opt/gz_rendering_vendor:/opt/ros/jazzy/opt/gz_plugin_vendor:/opt/ros/jazzy/opt/gz_fuel_tools_vendor:/opt/ros/jazzy/opt/gz_msgs_vendor:/opt/ros/jazzy/opt/gz_common_vendor:/opt/ros/jazzy/opt/gz_math_vendor:/opt/ros/jazzy/opt/gz_utils_vendor:/opt/ros/jazzy/opt/gz_tools_vendor:/opt/ros/jazzy/opt/gz_ogre_next_vendor:/opt/ros/jazzy/opt/gz_dartsim_vendor:/opt/ros/jazzy/opt/gz_cmake_vendor:/opt/ros/jazzy DEBUGINFOD_URLS=https://debuginfod.ubuntu.com LD_LIBRARY_PATH=/home/kitana/Documents/auracle_ws/install/auracle_hardware/lib:${LD_LIBRARY_PATH} /usr/bin/cmake --build /home/kitana/Documents/auracle_ws/build/auracle_bringup -- -j8 -l8
[14.939s] DEBUG:colcon.colcon_core.event_handler.log_command:Invoked command in '/home/kitana/Documents/auracle_ws/build/auracle_bringup' returned '0': AMENT_PREFIX_PATH=/home/kitana/Documents/auracle_ws/install/auracle_hardware:/home/kitana/Documents/auracle_ws/install/auracle_description:${AMENT_PREFIX_PATH} CMAKE_PREFIX_PATH=/home/kitana/Documents/auracle_ws/install/auracle_hardware:/home/kitana/Documents/auracle_ws/install/auracle_description:/opt/ros/jazzy/opt/gz_sim_vendor:/opt/ros/jazzy/opt/gz_sensors_vendor:/opt/ros/jazzy/opt/gz_physics_vendor:/opt/ros/jazzy/opt/sdformat_vendor:/opt/ros/jazzy/opt/gz_gui_vendor:/opt/ros/jazzy/opt/gz_transport_vendor:/opt/ros/jazzy/opt/gz_rendering_vendor:/opt/ros/jazzy/opt/gz_plugin_vendor:/opt/ros/jazzy/opt/gz_fuel_tools_vendor:/opt/ros/jazzy/opt/gz_msgs_vendor:/opt/ros/jazzy/opt/gz_common_vendor:/opt/ros/jazzy/opt/gz_math_vendor:/opt/ros/jazzy/opt/gz_utils_vendor:/opt/ros/jazzy/opt/gz_tools_vendor:/opt/ros/jazzy/opt/gz_ogre_next_vendor:/opt/ros/jazzy/opt/gz_dartsim_vendor:/opt/ros/jazzy/opt/gz_cmake_vendor:/opt/ros/jazzy DEBUGINFOD_URLS=https://debuginfod.ubuntu.com LD_LIBRARY_PATH=/home/kitana/Documents/auracle_ws/install/auracle_hardware/lib:${LD_LIBRARY_PATH} /usr/bin/cmake --build /home/kitana/Documents/auracle_ws/build/auracle_bringup -- -j8 -l8
[14.940s] DEBUG:colcon.colcon_core.event_handler.log_command:Invoking command in '/home/kitana/Documents/auracle_ws/build/auracle_bringup': AMENT_PREFIX_PATH=/home/kitana/Documents/auracle_ws/install/auracle_hardware:/home/kitana/Documents/auracle_ws/install/auracle_description:${AMENT_PREFIX_PATH} CMAKE_PREFIX_PATH=/home/kitana/Documents/auracle_ws/install/auracle_hardware:/home/kitana/Documents/auracle_ws/install/auracle_description:/opt/ros/jazzy/opt/gz_sim_vendor:/opt/ros/jazzy/opt/gz_sensors_vendor:/opt/ros/jazzy/opt/gz_physics_vendor:/opt/ros/jazzy/opt/sdformat_vendor:/opt/ros/jazzy/opt/gz_gui_vendor:/opt/ros/jazzy/opt/gz_transport_vendor:/opt/ros/jazzy/opt/gz_rendering_vendor:/opt/ros/jazzy/opt/gz_plugin_vendor:/opt/ros/jazzy/opt/gz_fuel_tools_vendor:/opt/ros/jazzy/opt/gz_msgs_vendor:/opt/ros/jazzy/opt/gz_common_vendor:/opt/ros/jazzy/opt/gz_math_vendor:/opt/ros/jazzy/opt/gz_utils_vendor:/opt/ros/jazzy/opt/gz_tools_vendor:/opt/ros/jazzy/opt/gz_ogre_next_vendor:/opt/ros/jazzy/opt/gz_dartsim_vendor:/opt/ros/jazzy/opt/gz_cmake_vendor:/opt/ros/jazzy DEBUGINFOD_URLS=https://debuginfod.ubuntu.com LD_LIBRARY_PATH=/home/kitana/Documents/auracle_ws/install/auracle_hardware/lib:${LD_LIBRARY_PATH} /usr/bin/cmake --install /home/kitana/Documents/auracle_ws/build/auracle_bringup
[15.385s] Level 1:colcon.colcon_core.environment:create_environment_scripts_only(auracle_bringup)
[15.386s] Level 1:colcon.colcon_core.environment:checking '/home/kitana/Documents/auracle_ws/install/auracle_bringup' for CMake module files
[15.387s] DEBUG:colcon.colcon_core.event_handler.log_command:Invoked command in '/home/kitana/Documents/auracle_ws/build/auracle_bringup' returned '0': AMENT_PREFIX_PATH=/home/kitana/Documents/auracle_ws/install/auracle_hardware:/home/kitana/Documents/auracle_ws/install/auracle_description:${AMENT_PREFIX_PATH} CMAKE_PREFIX_PATH=/home/kitana/Documents/auracle_ws/install/auracle_hardware:/home/kitana/Documents/auracle_ws/install/auracle_description:/opt/ros/jazzy/opt/gz_sim_vendor:/opt/ros/jazzy/opt/gz_sensors_vendor:/opt/ros/jazzy/opt/gz_physics_vendor:/opt/ros/jazzy/opt/sdformat_vendor:/opt/ros/jazzy/opt/gz_gui_vendor:/opt/ros/jazzy/opt/gz_transport_vendor:/opt/ros/jazzy/opt/gz_rendering_vendor:/opt/ros/jazzy/opt/gz_plugin_vendor:/opt/ros/jazzy/opt/gz_fuel_tools_vendor:/opt/ros/jazzy/opt/gz_msgs_vendor:/opt/ros/jazzy/opt/gz_common_vendor:/opt/ros/jazzy/opt/gz_math_vendor:/opt/ros/jazzy/opt/gz_utils_vendor:/opt/ros/jazzy/opt/gz_tools_vendor:/opt/ros/jazzy/opt/gz_ogre_next_vendor:/opt/ros/jazzy/opt/gz_dartsim_vendor:/opt/ros/jazzy/opt/gz_cmake_vendor:/opt/ros/jazzy DEBUGINFOD_URLS=https://debuginfod.ubuntu.com LD_LIBRARY_PATH=/home/kitana/Documents/auracle_ws/install/auracle_hardware/lib:${LD_LIBRARY_PATH} /usr/bin/cmake --install /home/kitana/Documents/auracle_ws/build/auracle_bringup
[15.387s] Level 1:colcon.colcon_core.environment:checking '/home/kitana/Documents/auracle_ws/install/auracle_bringup' for CMake config files
[15.388s] Level 1:colcon.colcon_core.shell:create_environment_hook('auracle_bringup', 'cmake_prefix_path')
[15.389s] INFO:colcon.colcon_core.shell:Creating environment hook '/home/kitana/Documents/auracle_ws/install/auracle_bringup/share/auracle_bringup/hook/cmake_prefix_path.ps1'
[15.390s] INFO:colcon.colcon_core.shell:Creating environment descriptor '/home/kitana/Documents/auracle_ws/install/auracle_bringup/share/auracle_bringup/hook/cmake_prefix_path.dsv'
[15.390s] INFO:colcon.colcon_core.shell:Creating environment hook '/home/kitana/Documents/auracle_ws/install/auracle_bringup/share/auracle_bringup/hook/cmake_prefix_path.sh'
[15.392s] Level 1:colcon.colcon_core.environment:checking '/home/kitana/Documents/auracle_ws/install/auracle_bringup/bin'
[15.392s] Level 1:colcon.colcon_core.environment:checking '/home/kitana/Documents/auracle_ws/install/auracle_bringup/lib/pkgconfig/auracle_bringup.pc'
[15.392s] Level 1:colcon.colcon_core.environment:checking '/home/kitana/Documents/auracle_ws/install/auracle_bringup/lib/python3.12/site-packages'
[15.393s] Level 1:colcon.colcon_core.environment:checking '/home/kitana/Documents/auracle_ws/install/auracle_bringup/bin'
[15.393s] INFO:colcon.colcon_core.shell:Creating package script '/home/kitana/Documents/auracle_ws/install/auracle_bringup/share/auracle_bringup/package.ps1'
[15.394s] INFO:colcon.colcon_core.shell:Creating package descriptor '/home/kitana/Documents/auracle_ws/install/auracle_bringup/share/auracle_bringup/package.dsv'
[15.395s] INFO:colcon.colcon_core.shell:Creating package script '/home/kitana/Documents/auracle_ws/install/auracle_bringup/share/auracle_bringup/package.sh'
[15.396s] INFO:colcon.colcon_core.shell:Creating package script '/home/kitana/Documents/auracle_ws/install/auracle_bringup/share/auracle_bringup/package.bash'
[15.397s] INFO:colcon.colcon_core.shell:Creating package script '/home/kitana/Documents/auracle_ws/install/auracle_bringup/share/auracle_bringup/package.zsh'
[15.397s] Level 1:colcon.colcon_core.environment:create_file_with_runtime_dependencies(/home/kitana/Documents/auracle_ws/install/auracle_bringup/share/colcon-core/packages/auracle_bringup)
[15.399s] Level 1:colcon.colcon_core.environment:create_environment_scripts_only(auracle_bringup)
[15.399s] Level 1:colcon.colcon_core.environment:checking '/home/kitana/Documents/auracle_ws/install/auracle_bringup' for CMake module files
[15.400s] Level 1:colcon.colcon_core.environment:checking '/home/kitana/Documents/auracle_ws/install/auracle_bringup' for CMake config files
[15.401s] Level 1:colcon.colcon_core.shell:create_environment_hook('auracle_bringup', 'cmake_prefix_path')
[15.402s] INFO:colcon.colcon_core.shell:Creating environment hook '/home/kitana/Documents/auracle_ws/install/auracle_bringup/share/auracle_bringup/hook/cmake_prefix_path.ps1'
[15.602s] INFO:colcon.colcon_core.shell:Creating environment descriptor '/home/kitana/Documents/auracle_ws/install/auracle_bringup/share/auracle_bringup/hook/cmake_prefix_path.dsv'
[15.603s] INFO:colcon.colcon_core.shell:Creating environment hook '/home/kitana/Documents/auracle_ws/install/auracle_bringup/share/auracle_bringup/hook/cmake_prefix_path.sh'
[15.604s] Level 1:colcon.colcon_core.environment:checking '/home/kitana/Documents/auracle_ws/install/auracle_bringup/bin'
[15.605s] Level 1:colcon.colcon_core.environment:checking '/home/kitana/Documents/auracle_ws/install/auracle_bringup/lib/pkgconfig/auracle_bringup.pc'
[15.605s] Level 1:colcon.colcon_core.environment:checking '/home/kitana/Documents/auracle_ws/install/auracle_bringup/lib/python3.12/site-packages'
[15.606s] Level 1:colcon.colcon_core.environment:checking '/home/kitana/Documents/auracle_ws/install/auracle_bringup/bin'
[15.607s] INFO:colcon.colcon_core.shell:Creating package script '/home/kitana/Documents/auracle_ws/install/auracle_bringup/share/auracle_bringup/package.ps1'
[15.608s] INFO:colcon.colcon_core.shell:Creating package descriptor '/home/kitana/Documents/auracle_ws/install/auracle_bringup/share/auracle_bringup/package.dsv'
[15.609s] INFO:colcon.colcon_core.shell:Creating package script '/home/kitana/Documents/auracle_ws/install/auracle_bringup/share/auracle_bringup/package.sh'
[15.610s] INFO:colcon.colcon_core.shell:Creating package script '/home/kitana/Documents/auracle_ws/install/auracle_bringup/share/auracle_bringup/package.bash'
[15.611s] INFO:colcon.colcon_core.shell:Creating package script '/home/kitana/Documents/auracle_ws/install/auracle_bringup/share/auracle_bringup/package.zsh'
[15.611s] Level 1:colcon.colcon_core.environment:create_file_with_runtime_dependencies(/home/kitana/Documents/auracle_ws/install/auracle_bringup/share/colcon-core/packages/auracle_bringup)
[15.612s] DEBUG:colcon.colcon_parallel_executor.executor.parallel:closing loop
[15.613s] DEBUG:colcon.colcon_parallel_executor.executor.parallel:loop closed
[15.613s] DEBUG:colcon.colcon_parallel_executor.executor.parallel:run_until_complete finished with '0'
[15.613s] DEBUG:colcon.colcon_core.event_reactor:joining thread
[15.628s] INFO:colcon.colcon_core.plugin_system:Skipping extension 'colcon_notification.desktop_notification.terminal_notifier': Not used on non-Darwin systems
[15.628s] INFO:colcon.colcon_core.plugin_system:Skipping extension 'colcon_notification.desktop_notification.win32': Not used on non-Windows systems
[15.628s] INFO:colcon.colcon_notification.desktop_notification:Sending desktop notification using 'notify2'
[15.659s] DEBUG:colcon.colcon_core.event_reactor:joined thread
[15.659s] INFO:colcon.colcon_core.shell:Creating prefix script '/home/kitana/Documents/auracle_ws/install/local_setup.ps1'
[15.661s] INFO:colcon.colcon_core.shell:Creating prefix util module '/home/kitana/Documents/auracle_ws/install/_local_setup_util_ps1.py'
[15.664s] INFO:colcon.colcon_core.shell:Creating prefix chain script '/home/kitana/Documents/auracle_ws/install/setup.ps1'
[15.666s] INFO:colcon.colcon_core.shell:Creating prefix script '/home/kitana/Documents/auracle_ws/install/local_setup.sh'
[15.667s] INFO:colcon.colcon_core.shell:Creating prefix util module '/home/kitana/Documents/auracle_ws/install/_local_setup_util_sh.py'
[15.668s] INFO:colcon.colcon_core.shell:Creating prefix chain script '/home/kitana/Documents/auracle_ws/install/setup.sh'
[15.671s] INFO:colcon.colcon_core.shell:Creating prefix script '/home/kitana/Documents/auracle_ws/install/local_setup.bash'
[15.672s] INFO:colcon.colcon_core.shell:Creating prefix chain script '/home/kitana/Documents/auracle_ws/install/setup.bash'
[15.688s] INFO:colcon.colcon_core.shell:Creating prefix script '/home/kitana/Documents/auracle_ws/install/local_setup.zsh'
[15.689s] INFO:colcon.colcon_core.shell:Creating prefix chain script '/home/kitana/Documents/auracle_ws/install/setup.zsh'
