-- The C compiler identification is GNU 13.3.0
-- The CXX compiler identification is GNU 13.3.0
-- Detecting C compiler ABI info
-- Detecting C compiler ABI info - done
-- Check for working C compiler: /usr/bin/cc - skipped
-- Detecting C compile features
-- Detecting C compile features - done
-- Detecting CXX compiler ABI info
-- Detecting CXX compiler ABI info - done
-- Check for working CXX compiler: /usr/bin/c++ - skipped
-- Detecting CXX compile features
-- Detecting CXX compile features - done
-- Found ament_cmake: 2.5.6 (/opt/ros/jazzy/share/ament_cmake/cmake)
-- Found Python3: /usr/bin/python3 (found version "3.12.3") found components: Interpreter 
-- Override CMake install command with custom implementation using symlinks instead of copying resources
-- Found rclcpp: 28.1.21 (/opt/ros/jazzy/share/rclcpp/cmake)
-- Found rosidl_generator_c: 4.6.9 (/opt/ros/jazzy/share/rosidl_generator_c/cmake)
-- Found rosidl_generator_cpp: 4.6.9 (/opt/ros/jazzy/share/rosidl_generator_cpp/cmake)
-- Using all available rosidl_typesupport_c: rosidl_typesupport_fastrtps_c;rosidl_typesupport_introspection_c
-- Using all available rosidl_typesupport_cpp: rosidl_typesupport_fastrtps_cpp;rosidl_typesupport_introspection_cpp
-- Found rmw_implementation_cmake: 7.3.3 (/opt/ros/jazzy/share/rmw_implementation_cmake/cmake)
-- Found rmw_fastrtps_cpp: 8.4.4 (/opt/ros/jazzy/share/rmw_fastrtps_cpp/cmake)
-- Found OpenSSL: /usr/lib/x86_64-linux-gnu/libcrypto.so (found version "3.0.13")  
-- Found FastRTPS: /opt/ros/jazzy/include (Required is at least version "2.13") 
-- Using RMW implementation 'rmw_fastrtps_cpp' as default
-- Found rclcpp_lifecycle: 28.1.21 (/opt/ros/jazzy/share/rclcpp_lifecycle/cmake)
-- Found hardware_interface: 4.45.2 (/opt/ros/jazzy/share/hardware_interface/cmake)
-- Found PkgConfig: /usr/bin/pkg-config (found version "1.8.1") 
-- Checking for module 'libserial'
--   Found libserial, version 1.0.0
-- Found ament_lint_auto: 0.17.5 (/opt/ros/jazzy/share/ament_lint_auto/cmake)
-- Added test 'cppcheck' to perform static code analysis on C / C++ code
-- Configured cppcheck include dirs: $<BUILD_INTERFACE:/home/kitana/Documents/auracle_ws/src/auracle_hardware/include>
-- Configured cppcheck exclude dirs and/or files: 
-- Added test 'lint_cmake' to check CMake code style
-- Added test 'uncrustify' to check C / C++ code style
-- Configured uncrustify additional arguments: 
-- Added test 'xmllint' to check XML markup files
-- Configuring done (3.3s)
-- Generating done (0.0s)
-- Build files have been written to: /home/kitana/Documents/auracle_ws/build/auracle_hardware
[ 50%] [32mBuilding CXX object CMakeFiles/auracle_hardware.dir/src/robot_system.cpp.o[0m
[01m[K/home/kitana/Documents/auracle_ws/src/auracle_hardware/src/robot_system.cpp:[m[K In member function ‘[01m[Kvirtual hardware_interface::CallbackReturn auracle_hardware::AuracleHardwareInterface::[01;32m[Kon_init[m[K(const hardware_interface::HardwareInfo&)[m[K’:
[01m[K/home/kitana/Documents/auracle_ws/src/auracle_hardware/src/robot_system.cpp:32:51:[m[K [01;35m[Kwarning: [m[K‘[01m[Kvirtual rclcpp_lifecycle::node_interfaces::LifecycleNodeInterface::CallbackReturn hardware_interface::HardwareComponentInterface::[01;32m[Kon_init[m[K(const hardware_interface::HardwareInfo&)[m[K’ is deprecated: Use on_init(const HardwareComponentInterfaceParams & params) instead. [[01;35m[K]8;;https://gcc.gnu.org/onlinedocs/gcc/Warning-Options.html#index-Wdeprecated-declarations-Wdeprecated-declarations]8;;[m[K]
   32 |   if ([01;35m[Khardware_interface::SystemInterface::on_init(info)[m[K != hardware_interface::CallbackReturn::SUCCESS) {
      |       [01;35m[K~~~~~~~~~~~~~~~~~~~~~~~~~~~~~~~~~~~~~~~~~~~~^~~~~~[m[K
In file included from [01m[K/opt/ros/jazzy/include/hardware_interface/hardware_interface/system_interface.hpp:18[m[K,
                 from [01m[K/home/kitana/Documents/auracle_ws/src/auracle_hardware/include/auracle_hardware/robot_system.hpp:10[m[K,
                 from [01m[K/home/kitana/Documents/auracle_ws/src/auracle_hardware/src/robot_system.cpp:1[m[K:
[01m[K/opt/ros/jazzy/include/hardware_interface/hardware_interface/hardware_component_interface.hpp:140:26:[m[K [01;36m[Knote: [m[Kdeclared here
  140 |   virtual CallbackReturn [01;36m[Kon_init[m[K(const HardwareInfo & hardware_info);
      |                          [01;36m[K^~~~~~~[m[K
[100%] [32m[1mLinking CXX shared library libauracle_hardware.so[0m
[100%] Built target auracle_hardware
-- Install configuration: ""
-- Execute custom install script
-- Symlinking: /home/kitana/Documents/auracle_ws/install/auracle_hardware/share/auracle_hardware//auracle_hardware.xml
-- Symlinking: /home/kitana/Documents/auracle_ws/install/auracle_hardware/include/auracle_hardware/arduino_comms.hpp
-- Symlinking: /home/kitana/Documents/auracle_ws/install/auracle_hardware/include/auracle_hardware/robot_system.hpp
-- Symlinking: /home/kitana/Documents/auracle_ws/install/auracle_hardware/include/auracle_hardware/wheel.hpp
-- Symlinking: /home/kitana/Documents/auracle_ws/install/auracle_hardware/share/auracle_hardware/environment/library_path.sh
-- Symlinking: /home/kitana/Documents/auracle_ws/install/auracle_hardware/share/auracle_hardware/environment/library_path.dsv
-- Symlinking: /home/kitana/Documents/auracle_ws/install/auracle_hardware/share/ament_index/resource_index/package_run_dependencies/auracle_hardware
-- Symlinking: /home/kitana/Documents/auracle_ws/install/auracle_hardware/share/ament_index/resource_index/parent_prefix_path/auracle_hardware
-- Symlinking: /home/kitana/Documents/auracle_ws/install/auracle_hardware/share/auracle_hardware/environment/ament_prefix_path.sh
-- Symlinking: /home/kitana/Documents/auracle_ws/install/auracle_hardware/share/auracle_hardware/environment/ament_prefix_path.dsv
-- Symlinking: /home/kitana/Documents/auracle_ws/install/auracle_hardware/share/auracle_hardware/environment/path.sh
-- Symlinking: /home/kitana/Documents/auracle_ws/install/auracle_hardware/share/auracle_hardware/environment/path.dsv
-- Symlinking: /home/kitana/Documents/auracle_ws/install/auracle_hardware/share/auracle_hardware/local_setup.bash
-- Symlinking: /home/kitana/Documents/auracle_ws/install/auracle_hardware/share/auracle_hardware/local_setup.sh
-- Symlinking: /home/kitana/Documents/auracle_ws/install/auracle_hardware/share/auracle_hardware/local_setup.zsh
-- Symlinking: /home/kitana/Documents/auracle_ws/install/auracle_hardware/share/auracle_hardware/local_setup.dsv
-- Symlinking: /home/kitana/Documents/auracle_ws/install/auracle_hardware/share/auracle_hardware/package.dsv
-- Symlinking: /home/kitana/Documents/auracle_ws/install/auracle_hardware/share/ament_index/resource_index/packages/auracle_hardware
-- Symlinking: /home/kitana/Documents/auracle_ws/install/auracle_hardware/share/ament_index/resource_index/hardware_interface__pluginlib__plugin/auracle_hardware
-- Symlinking: /home/kitana/Documents/auracle_ws/install/auracle_hardware/share/auracle_hardware/cmake/ament_cmake_export_include_directories-extras.cmake
-- Symlinking: /home/kitana/Documents/auracle_ws/install/auracle_hardware/share/auracle_hardware/cmake/ament_cmake_export_libraries-extras.cmake
-- Symlinking: /home/kitana/Documents/auracle_ws/install/auracle_hardware/share/auracle_hardware/cmake/ament_cmake_export_targets-extras.cmake
-- Symlinking: /home/kitana/Documents/auracle_ws/install/auracle_hardware/share/auracle_hardware/cmake/ament_cmake_export_dependencies-extras.cmake
-- Symlinking: /home/kitana/Documents/auracle_ws/install/auracle_hardware/share/auracle_hardware/cmake/auracle_hardwareConfig.cmake
-- Symlinking: /home/kitana/Documents/auracle_ws/install/auracle_hardware/share/auracle_hardware/cmake/auracle_hardwareConfig-version.cmake
-- Symlinking: /home/kitana/Documents/auracle_ws/install/auracle_hardware/share/auracle_hardware/package.xml
-- Installing: /home/kitana/Documents/auracle_ws/install/auracle_hardware/lib/libauracle_hardware.so
-- Set non-toolchain portion of runtime path of "/home/kitana/Documents/auracle_ws/install/auracle_hardware/lib/libauracle_hardware.so" to ""
-- Installing: /home/kitana/Documents/auracle_ws/install/auracle_hardware/share/auracle_hardware/cmake/export_auracle_hardwareExport.cmake
-- Installing: /home/kitana/Documents/auracle_ws/install/auracle_hardware/share/auracle_hardware/cmake/export_auracle_hardwareExport-noconfig.cmake
