[0.019s] Invoking command in '/home/kitana/Documents/auracle_ws/build/auracle_hardware': CMAKE_PREFIX_PATH=${CMAKE_PREFIX_PATH}:/opt/ros/jazzy DEBUGINFOD_URLS=https://debuginfod.ubuntu.com /usr/bin/cmake /home/kitana/Documents/auracle_ws/src/auracle_hardware -DAMENT_CMAKE_SYMLINK_INSTALL=1 -DCMAKE_INSTALL_PREFIX=/home/kitana/Documents/auracle_ws/install/auracle_hardware
[0.121s] -- The C compiler identification is GNU 13.3.0
[0.210s] -- The CXX compiler identification is GNU 13.3.0
[0.235s] -- Detecting C compiler ABI info
[0.383s] -- Detecting C compiler ABI info - done
[0.398s] -- Check for working C compiler: /usr/bin/cc - skipped
[0.398s] -- Detecting C compile features
[0.399s] -- Detecting C compile features - done
[0.414s] -- Detecting CXX compiler ABI info
[0.587s] -- Detecting CXX compiler ABI info - done
[0.616s] -- Check for working CXX compiler: /usr/bin/c++ - skipped
[0.617s] -- Detecting CXX compile features
[0.618s] -- Detecting CXX compile features - done
[0.626s] -- Found ament_cmake: 2.5.6 (/opt/ros/jazzy/share/ament_cmake/cmake)
[0.816s] -- Found Python3: /usr/bin/python3 (found version "3.12.3") found components: Interpreter 
[0.913s] -- Override CMake install command with custom implementation using symlinks instead of copying resources
[0.979s] -- Found rclcpp: 28.1.21 (/opt/ros/jazzy/share/rclcpp/cmake)
[1.046s] -- Found rosidl_generator_c: 4.6.9 (/opt/ros/jazzy/share/rosidl_generator_c/cmake)
[1.069s] -- Found rosidl_generator_cpp: 4.6.9 (/opt/ros/jazzy/share/rosidl_generator_cpp/cmake)
[1.093s] -- Using all available rosidl_typesupport_c: rosidl_typesupport_fastrtps_c;rosidl_typesupport_introspection_c
[1.121s] -- Using all available rosidl_typesupport_cpp: rosidl_typesupport_fastrtps_cpp;rosidl_typesupport_introspection_cpp
[1.426s] -- Found rmw_implementation_cmake: 7.3.3 (/opt/ros/jazzy/share/rmw_implementation_cmake/cmake)
[1.427s] -- Found rmw_fastrtps_cpp: 8.4.4 (/opt/ros/jazzy/share/rmw_fastrtps_cpp/cmake)
[1.428s] -- Found OpenSSL: /usr/lib/x86_64-linux-gnu/libcrypto.so (found version "3.0.13")  
[1.428s] -- Found FastRTPS: /opt/ros/jazzy/include (Required is at least version "2.13") 
[1.454s] -- Using RMW implementation 'rmw_fastrtps_cpp' as default
[1.565s] -- Found rclcpp_lifecycle: 28.1.21 (/opt/ros/jazzy/share/rclcpp_lifecycle/cmake)
[1.610s] -- Found hardware_interface: 4.45.2 (/opt/ros/jazzy/share/hardware_interface/cmake)
[3.016s] -- Found PkgConfig: /usr/bin/pkg-config (found version "1.8.1") 
[3.017s] -- Checking for module 'libserial'
[3.053s] --   Found libserial, version 1.0.0
[3.151s] -- Found ament_lint_auto: 0.17.5 (/opt/ros/jazzy/share/ament_lint_auto/cmake)
[3.285s] -- Added test 'cppcheck' to perform static code analysis on C / C++ code
[3.285s] -- Configured cppcheck include dirs: $<BUILD_INTERFACE:/home/kitana/Documents/auracle_ws/src/auracle_hardware/include>
[3.285s] -- Configured cppcheck exclude dirs and/or files: 
[3.286s] -- Added test 'lint_cmake' to check CMake code style
[3.288s] -- Added test 'uncrustify' to check C / C++ code style
[3.288s] -- Configured uncrustify additional arguments: 
[3.288s] -- Added test 'xmllint' to check XML markup files
[3.294s] -- Configuring done (3.3s)
[3.321s] -- Generating done (0.0s)
[3.463s] -- Build files have been written to: /home/kitana/Documents/auracle_ws/build/auracle_hardware
[3.483s] Invoked command in '/home/kitana/Documents/auracle_ws/build/auracle_hardware' returned '0': CMAKE_PREFIX_PATH=${CMAKE_PREFIX_PATH}:/opt/ros/jazzy DEBUGINFOD_URLS=https://debuginfod.ubuntu.com /usr/bin/cmake /home/kitana/Documents/auracle_ws/src/auracle_hardware -DAMENT_CMAKE_SYMLINK_INSTALL=1 -DCMAKE_INSTALL_PREFIX=/home/kitana/Documents/auracle_ws/install/auracle_hardware
[3.486s] Invoking command in '/home/kitana/Documents/auracle_ws/build/auracle_hardware': CMAKE_PREFIX_PATH=${CMAKE_PREFIX_PATH}:/opt/ros/jazzy DEBUGINFOD_URLS=https://debuginfod.ubuntu.com /usr/bin/cmake --build /home/kitana/Documents/auracle_ws/build/auracle_hardware -- -j8 -l8
[3.578s] [ 50%] [32mBuilding CXX object CMakeFiles/auracle_hardware.dir/src/robot_system.cpp.o[0m
[6.199s] [01m[K/home/kitana/Documents/auracle_ws/src/auracle_hardware/src/robot_system.cpp:[m[K In member function ‘[01m[Kvirtual hardware_interface::CallbackReturn auracle_hardware::AuracleHardwareInterface::[01;32m[Kon_init[m[K(const hardware_interface::HardwareInfo&)[m[K’:
[6.200s] [01m[K/home/kitana/Documents/auracle_ws/src/auracle_hardware/src/robot_system.cpp:32:51:[m[K [01;35m[Kwarning: [m[K‘[01m[Kvirtual rclcpp_lifecycle::node_interfaces::LifecycleNodeInterface::CallbackReturn hardware_interface::HardwareComponentInterface::[01;32m[Kon_init[m[K(const hardware_interface::HardwareInfo&)[m[K’ is deprecated: Use on_init(const HardwareComponentInterfaceParams & params) instead. [[01;35m[K]8;;https://gcc.gnu.org/onlinedocs/gcc/Warning-Options.html#index-Wdeprecated-declarations-Wdeprecated-declarations]8;;[m[K]
[6.200s]    32 |   if ([01;35m[Khardware_interface::SystemInterface::on_init(info)[m[K != hardware_interface::CallbackReturn::SUCCESS) {
[6.200s]       |       [01;35m[K~~~~~~~~~~~~~~~~~~~~~~~~~~~~~~~~~~~~~~~~~~~~^~~~~~[m[K
[6.200s] In file included from [01m[K/opt/ros/jazzy/include/hardware_interface/hardware_interface/system_interface.hpp:18[m[K,
[6.200s]                  from [01m[K/home/kitana/Documents/auracle_ws/src/auracle_hardware/include/auracle_hardware/robot_system.hpp:10[m[K,
[6.200s]                  from [01m[K/home/kitana/Documents/auracle_ws/src/auracle_hardware/src/robot_system.cpp:1[m[K:
[6.201s] [01m[K/opt/ros/jazzy/include/hardware_interface/hardware_interface/hardware_component_interface.hpp:140:26:[m[K [01;36m[Knote: [m[Kdeclared here
[6.201s]   140 |   virtual CallbackReturn [01;36m[Kon_init[m[K(const HardwareInfo & hardware_info);
[6.201s]       |                          [01;36m[K^~~~~~~[m[K
[7.996s] [100%] [32m[1mLinking CXX shared library libauracle_hardware.so[0m
[9.186s] [100%] Built target auracle_hardware
[9.206s] Invoked command in '/home/kitana/Documents/auracle_ws/build/auracle_hardware' returned '0': CMAKE_PREFIX_PATH=${CMAKE_PREFIX_PATH}:/opt/ros/jazzy DEBUGINFOD_URLS=https://debuginfod.ubuntu.com /usr/bin/cmake --build /home/kitana/Documents/auracle_ws/build/auracle_hardware -- -j8 -l8
[9.208s] Invoking command in '/home/kitana/Documents/auracle_ws/build/auracle_hardware': CMAKE_PREFIX_PATH=${CMAKE_PREFIX_PATH}:/opt/ros/jazzy DEBUGINFOD_URLS=https://debuginfod.ubuntu.com /usr/bin/cmake --install /home/kitana/Documents/auracle_ws/build/auracle_hardware
[9.219s] -- Install configuration: ""
[9.220s] -- Execute custom install script
[9.220s] -- Symlinking: /home/kitana/Documents/auracle_ws/install/auracle_hardware/share/auracle_hardware//auracle_hardware.xml
[9.241s] -- Symlinking: /home/kitana/Documents/auracle_ws/install/auracle_hardware/include/auracle_hardware/arduino_comms.hpp
[9.253s] -- Symlinking: /home/kitana/Documents/auracle_ws/install/auracle_hardware/include/auracle_hardware/robot_system.hpp
[9.272s] -- Symlinking: /home/kitana/Documents/auracle_ws/install/auracle_hardware/include/auracle_hardware/wheel.hpp
[9.284s] -- Symlinking: /home/kitana/Documents/auracle_ws/install/auracle_hardware/share/auracle_hardware/environment/library_path.sh
[9.297s] -- Symlinking: /home/kitana/Documents/auracle_ws/install/auracle_hardware/share/auracle_hardware/environment/library_path.dsv
[9.312s] -- Symlinking: /home/kitana/Documents/auracle_ws/install/auracle_hardware/share/ament_index/resource_index/package_run_dependencies/auracle_hardware
[9.324s] -- Symlinking: /home/kitana/Documents/auracle_ws/install/auracle_hardware/share/ament_index/resource_index/parent_prefix_path/auracle_hardware
[9.336s] -- Symlinking: /home/kitana/Documents/auracle_ws/install/auracle_hardware/share/auracle_hardware/environment/ament_prefix_path.sh
[9.348s] -- Symlinking: /home/kitana/Documents/auracle_ws/install/auracle_hardware/share/auracle_hardware/environment/ament_prefix_path.dsv
[9.365s] -- Symlinking: /home/kitana/Documents/auracle_ws/install/auracle_hardware/share/auracle_hardware/environment/path.sh
[9.384s] -- Symlinking: /home/kitana/Documents/auracle_ws/install/auracle_hardware/share/auracle_hardware/environment/path.dsv
[9.399s] -- Symlinking: /home/kitana/Documents/auracle_ws/install/auracle_hardware/share/auracle_hardware/local_setup.bash
[9.411s] -- Symlinking: /home/kitana/Documents/auracle_ws/install/auracle_hardware/share/auracle_hardware/local_setup.sh
[9.433s] -- Symlinking: /home/kitana/Documents/auracle_ws/install/auracle_hardware/share/auracle_hardware/local_setup.zsh
[9.447s] -- Symlinking: /home/kitana/Documents/auracle_ws/install/auracle_hardware/share/auracle_hardware/local_setup.dsv
[9.459s] -- Symlinking: /home/kitana/Documents/auracle_ws/install/auracle_hardware/share/auracle_hardware/package.dsv
[9.474s] -- Symlinking: /home/kitana/Documents/auracle_ws/install/auracle_hardware/share/ament_index/resource_index/packages/auracle_hardware
[9.487s] -- Symlinking: /home/kitana/Documents/auracle_ws/install/auracle_hardware/share/ament_index/resource_index/hardware_interface__pluginlib__plugin/auracle_hardware
[9.507s] -- Symlinking: /home/kitana/Documents/auracle_ws/install/auracle_hardware/share/auracle_hardware/cmake/ament_cmake_export_include_directories-extras.cmake
[9.526s] -- Symlinking: /home/kitana/Documents/auracle_ws/install/auracle_hardware/share/auracle_hardware/cmake/ament_cmake_export_libraries-extras.cmake
[9.538s] -- Symlinking: /home/kitana/Documents/auracle_ws/install/auracle_hardware/share/auracle_hardware/cmake/ament_cmake_export_targets-extras.cmake
[9.550s] -- Symlinking: /home/kitana/Documents/auracle_ws/install/auracle_hardware/share/auracle_hardware/cmake/ament_cmake_export_dependencies-extras.cmake
[9.564s] -- Symlinking: /home/kitana/Documents/auracle_ws/install/auracle_hardware/share/auracle_hardware/cmake/auracle_hardwareConfig.cmake
[9.575s] -- Symlinking: /home/kitana/Documents/auracle_ws/install/auracle_hardware/share/auracle_hardware/cmake/auracle_hardwareConfig-version.cmake
[9.587s] -- Symlinking: /home/kitana/Documents/auracle_ws/install/auracle_hardware/share/auracle_hardware/package.xml
[9.598s] -- Installing: /home/kitana/Documents/auracle_ws/install/auracle_hardware/lib/libauracle_hardware.so
[9.600s] -- Set non-toolchain portion of runtime path of "/home/kitana/Documents/auracle_ws/install/auracle_hardware/lib/libauracle_hardware.so" to ""
[9.600s] -- Installing: /home/kitana/Documents/auracle_ws/install/auracle_hardware/share/auracle_hardware/cmake/export_auracle_hardwareExport.cmake
[9.600s] -- Installing: /home/kitana/Documents/auracle_ws/install/auracle_hardware/share/auracle_hardware/cmake/export_auracle_hardwareExport-noconfig.cmake
[9.603s] Invoked command in '/home/kitana/Documents/auracle_ws/build/auracle_hardware' returned '0': CMAKE_PREFIX_PATH=${CMAKE_PREFIX_PATH}:/opt/ros/jazzy DEBUGINFOD_URLS=https://debuginfod.ubuntu.com /usr/bin/cmake --install /home/kitana/Documents/auracle_ws/build/auracle_hardware
