-- The C compiler identification is GNU 13.3.0
-- The CXX compiler identification is GNU 13.3.0
-- Detecting C compiler ABI info
-- Detecting C compiler ABI info - done
-- Check for working C compiler: /usr/bin/cc - skipped
-- Detecting C compile features
-- Detecting C compile features - done
-- Detecting CXX compiler ABI info
-- Detecting CXX compiler ABI info - done
-- Check for working CXX compiler: /usr/bin/c++ - skipped
-- Detecting CXX compile features
-- Detecting CXX compile features - done
-- Found ament_cmake: 2.5.6 (/opt/ros/jazzy/share/ament_cmake/cmake)
-- Found Python3: /usr/bin/python3 (found version "3.12.3") found components: Interpreter 
-- Override CMake install command with custom implementation using symlinks instead of copying resources
-- Found ament_lint_auto: 0.17.5 (/opt/ros/jazzy/share/ament_lint_auto/cmake)
-- Added test 'lint_cmake' to check CMake code style
-- Added test 'xmllint' to check XML markup files
-- Configuring done (1.1s)
-- Generating done (0.0s)
-- Build files have been written to: /home/kitana/Documents/auracle_ws/build/auracle_description
-- Install configuration: ""
-- Execute custom install script
-- Symlinking: /home/kitana/Documents/auracle_ws/install/auracle_description/share/auracle_description/urdf/camera.xacro
-- Symlinking: /home/kitana/Documents/auracle_ws/install/auracle_description/share/auracle_description/urdf/face.xacro
-- Symlinking: /home/kitana/Documents/auracle_ws/install/auracle_description/share/auracle_description/urdf/imu.xacro
-- Symlinking: /home/kitana/Documents/auracle_ws/install/auracle_description/share/auracle_description/urdf/inertial_macros.xacro
-- Symlinking: /home/kitana/Documents/auracle_ws/install/auracle_description/share/auracle_description/urdf/lidar.xacro
-- Symlinking: /home/kitana/Documents/auracle_ws/install/auracle_description/share/auracle_description/urdf/robot.urdf.xacro
-- Symlinking: /home/kitana/Documents/auracle_ws/install/auracle_description/share/auracle_description/urdf/robot_core.xacro
-- Symlinking: /home/kitana/Documents/auracle_ws/install/auracle_description/share/auracle_description/urdf/ros2_control.xacro
-- Symlinking: /home/kitana/Documents/auracle_ws/install/auracle_description/share/auracle_description/models/gamefield/meshes/Gamefield.stl
-- Symlinking: /home/kitana/Documents/auracle_ws/install/auracle_description/share/auracle_description/models/gamefield/model.config
-- Symlinking: /home/kitana/Documents/auracle_ws/install/auracle_description/share/auracle_description/models/gamefield/model.sdf
-- Symlinking: /home/kitana/Documents/auracle_ws/install/auracle_description/share/auracle_description/worlds/gamefield.world
-- Symlinking: /home/kitana/Documents/auracle_ws/install/auracle_description/share/ament_index/resource_index/package_run_dependencies/auracle_description
-- Symlinking: /home/kitana/Documents/auracle_ws/install/auracle_description/share/ament_index/resource_index/parent_prefix_path/auracle_description
-- Symlinking: /home/kitana/Documents/auracle_ws/install/auracle_description/share/auracle_description/environment/ament_prefix_path.sh
-- Symlinking: /home/kitana/Documents/auracle_ws/install/auracle_description/share/auracle_description/environment/ament_prefix_path.dsv
-- Symlinking: /home/kitana/Documents/auracle_ws/install/auracle_description/share/auracle_description/environment/path.sh
-- Symlinking: /home/kitana/Documents/auracle_ws/install/auracle_description/share/auracle_description/environment/path.dsv
-- Symlinking: /home/kitana/Documents/auracle_ws/install/auracle_description/share/auracle_description/local_setup.bash
-- Symlinking: /home/kitana/Documents/auracle_ws/install/auracle_description/share/auracle_description/local_setup.sh
-- Symlinking: /home/kitana/Documents/auracle_ws/install/auracle_description/share/auracle_description/local_setup.zsh
-- Symlinking: /home/kitana/Documents/auracle_ws/install/auracle_description/share/auracle_description/local_setup.dsv
-- Symlinking: /home/kitana/Documents/auracle_ws/install/auracle_description/share/auracle_description/package.dsv
-- Symlinking: /home/kitana/Documents/auracle_ws/install/auracle_description/share/ament_index/resource_index/packages/auracle_description
-- Symlinking: /home/kitana/Documents/auracle_ws/install/auracle_description/share/auracle_description/cmake/auracle_descriptionConfig.cmake
-- Symlinking: /home/kitana/Documents/auracle_ws/install/auracle_description/share/auracle_description/cmake/auracle_descriptionConfig-version.cmake
-- Symlinking: /home/kitana/Documents/auracle_ws/install/auracle_description/share/auracle_description/package.xml
